Archive member included to satisfy reference by file (symbol)

c:/st/stm32cubeide_1.4.0/stm32cubeide/plugins/com.st.stm32cube.ide.mcu.externaltools.gnu-tools-for-stm32.7-2018-q2-update.win32_1.5.0.202011040924/tools/bin/../lib/gcc/arm-none-eabi/7.3.1/../../../../arm-none-eabi/lib/thumb/v7e-m/fpv4-sp/hard\libc_nano.a(lib_a-errno.o)
                              Core/Src/syscalls.o (__errno)
c:/st/stm32cubeide_1.4.0/stm32cubeide/plugins/com.st.stm32cube.ide.mcu.externaltools.gnu-tools-for-stm32.7-2018-q2-update.win32_1.5.0.202011040924/tools/bin/../lib/gcc/arm-none-eabi/7.3.1/../../../../arm-none-eabi/lib/thumb/v7e-m/fpv4-sp/hard\libc_nano.a(lib_a-exit.o)
                              c:/st/stm32cubeide_1.4.0/stm32cubeide/plugins/com.st.stm32cube.ide.mcu.externaltools.gnu-tools-for-stm32.7-2018-q2-update.win32_1.5.0.202011040924/tools/bin/../lib/gcc/arm-none-eabi/7.3.1/../../../../arm-none-eabi/lib/thumb/v7e-m/fpv4-sp/hard/crt0.o (exit)
c:/st/stm32cubeide_1.4.0/stm32cubeide/plugins/com.st.stm32cube.ide.mcu.externaltools.gnu-tools-for-stm32.7-2018-q2-update.win32_1.5.0.202011040924/tools/bin/../lib/gcc/arm-none-eabi/7.3.1/../../../../arm-none-eabi/lib/thumb/v7e-m/fpv4-sp/hard\libc_nano.a(lib_a-impure.o)
                              c:/st/stm32cubeide_1.4.0/stm32cubeide/plugins/com.st.stm32cube.ide.mcu.externaltools.gnu-tools-for-stm32.7-2018-q2-update.win32_1.5.0.202011040924/tools/bin/../lib/gcc/arm-none-eabi/7.3.1/../../../../arm-none-eabi/lib/thumb/v7e-m/fpv4-sp/hard\libc_nano.a(lib_a-exit.o) (_global_impure_ptr)
c:/st/stm32cubeide_1.4.0/stm32cubeide/plugins/com.st.stm32cube.ide.mcu.externaltools.gnu-tools-for-stm32.7-2018-q2-update.win32_1.5.0.202011040924/tools/bin/../lib/gcc/arm-none-eabi/7.3.1/../../../../arm-none-eabi/lib/thumb/v7e-m/fpv4-sp/hard\libc_nano.a(lib_a-init.o)
                              c:/st/stm32cubeide_1.4.0/stm32cubeide/plugins/com.st.stm32cube.ide.mcu.externaltools.gnu-tools-for-stm32.7-2018-q2-update.win32_1.5.0.202011040924/tools/bin/../lib/gcc/arm-none-eabi/7.3.1/../../../../arm-none-eabi/lib/thumb/v7e-m/fpv4-sp/hard/crt0.o (__libc_init_array)
c:/st/stm32cubeide_1.4.0/stm32cubeide/plugins/com.st.stm32cube.ide.mcu.externaltools.gnu-tools-for-stm32.7-2018-q2-update.win32_1.5.0.202011040924/tools/bin/../lib/gcc/arm-none-eabi/7.3.1/../../../../arm-none-eabi/lib/thumb/v7e-m/fpv4-sp/hard\libc_nano.a(lib_a-memset.o)
                              c:/st/stm32cubeide_1.4.0/stm32cubeide/plugins/com.st.stm32cube.ide.mcu.externaltools.gnu-tools-for-stm32.7-2018-q2-update.win32_1.5.0.202011040924/tools/bin/../lib/gcc/arm-none-eabi/7.3.1/../../../../arm-none-eabi/lib/thumb/v7e-m/fpv4-sp/hard/crt0.o (memset)
c:/st/stm32cubeide_1.4.0/stm32cubeide/plugins/com.st.stm32cube.ide.mcu.externaltools.gnu-tools-for-stm32.7-2018-q2-update.win32_1.5.0.202011040924/tools/bin/../lib/gcc/arm-none-eabi/7.3.1/../../../../arm-none-eabi/lib/thumb/v7e-m/fpv4-sp/hard\libc_nano.a(lib_a-sprintf.o)
                              Core/Src/lcd.o (sprintf)
c:/st/stm32cubeide_1.4.0/stm32cubeide/plugins/com.st.stm32cube.ide.mcu.externaltools.gnu-tools-for-stm32.7-2018-q2-update.win32_1.5.0.202011040924/tools/bin/../lib/gcc/arm-none-eabi/7.3.1/../../../../arm-none-eabi/lib/thumb/v7e-m/fpv4-sp/hard\libc_nano.a(lib_a-strlen.o)
                              Core/Src/lcd.o (strlen)
c:/st/stm32cubeide_1.4.0/stm32cubeide/plugins/com.st.stm32cube.ide.mcu.externaltools.gnu-tools-for-stm32.7-2018-q2-update.win32_1.5.0.202011040924/tools/bin/../lib/gcc/arm-none-eabi/7.3.1/../../../../arm-none-eabi/lib/thumb/v7e-m/fpv4-sp/hard\libc_nano.a(lib_a-vsprintf.o)
                              Core/Src/lcd.o (vsprintf)
c:/st/stm32cubeide_1.4.0/stm32cubeide/plugins/com.st.stm32cube.ide.mcu.externaltools.gnu-tools-for-stm32.7-2018-q2-update.win32_1.5.0.202011040924/tools/bin/../lib/gcc/arm-none-eabi/7.3.1/../../../../arm-none-eabi/lib/thumb/v7e-m/fpv4-sp/hard\libc_nano.a(lib_a-nano-svfprintf.o)
                              c:/st/stm32cubeide_1.4.0/stm32cubeide/plugins/com.st.stm32cube.ide.mcu.externaltools.gnu-tools-for-stm32.7-2018-q2-update.win32_1.5.0.202011040924/tools/bin/../lib/gcc/arm-none-eabi/7.3.1/../../../../arm-none-eabi/lib/thumb/v7e-m/fpv4-sp/hard\libc_nano.a(lib_a-sprintf.o) (_svfprintf_r)
c:/st/stm32cubeide_1.4.0/stm32cubeide/plugins/com.st.stm32cube.ide.mcu.externaltools.gnu-tools-for-stm32.7-2018-q2-update.win32_1.5.0.202011040924/tools/bin/../lib/gcc/arm-none-eabi/7.3.1/../../../../arm-none-eabi/lib/thumb/v7e-m/fpv4-sp/hard\libc_nano.a(lib_a-nano-vfprintf_i.o)
                              c:/st/stm32cubeide_1.4.0/stm32cubeide/plugins/com.st.stm32cube.ide.mcu.externaltools.gnu-tools-for-stm32.7-2018-q2-update.win32_1.5.0.202011040924/tools/bin/../lib/gcc/arm-none-eabi/7.3.1/../../../../arm-none-eabi/lib/thumb/v7e-m/fpv4-sp/hard\libc_nano.a(lib_a-nano-svfprintf.o) (_printf_i)
[...]
Memory Configuration

Name             Origin             Length             Attributes
RAM              0x0000000020000000 0x0000000000050000 xrw
FLASH            0x0000000008000000 0x0000000000100000 xr
*default*        0x0000000000000000 0xffffffffffffffff

Linker script and memory map

LOAD c:/st/stm32cubeide_1.4.0/stm32cubeide/plugins/com.st.stm32cube.ide.mcu.externaltools.gnu-tools-for-stm32.7-2018-q2-update.win32_1.5.0.202011040924/tools/bin/../lib/gcc/arm-none-eabi/7.3.1/thumb/v7e-m/fpv4-sp/hard/crti.o
LOAD c:/st/stm32cubeide_1.4.0/stm32cubeide/plugins/com.st.stm32cube.ide.mcu.externaltools.gnu-tools-for-stm32.7-2018-q2-update.win32_1.5.0.202011040924/tools/bin/../lib/gcc/arm-none-eabi/7.3.1/thumb/v7e-m/fpv4-sp/hard/crtbegin.o
LOAD c:/st/stm32cubeide_1.4.0/stm32cubeide/plugins/com.st.stm32cube.ide.mcu.externaltools.gnu-tools-for-stm32.7-2018-q2-update.win32_1.5.0.202011040924/tools/bin/../lib/gcc/arm-none-eabi/7.3.1/../../../../arm-none-eabi/lib/thumb/v7e-m/fpv4-sp/hard/crt0.o
LOAD Core/Src/bmp280.o
LOAD Core/Src/bmp280_config.o
LOAD Core/Src/gpio.o
LOAD Core/Src/i2c.o
LOAD Core/Src/lcd.o
LOAD Core/Src/lcd_config.o
LOAD Core/Src/main.o
LOAD Core/Src/spi.o
LOAD Core/Src/stm32f7xx_hal_msp.o
LOAD Core/Src/stm32f7xx_it.o
LOAD Core/Src/syscalls.o
LOAD Core/Src/sysmem.o
LOAD Core/Src/system_stm32f7xx.o
LOAD Core/Src/tim.o
LOAD Core/Src/usart.o
LOAD Core/Startup/startup_stm32f746zgtx.o
LOAD Drivers/STM32F7xx_HAL_Driver/Src/stm32f7xx_hal.o
LOAD Drivers/STM32F7xx_HAL_Driver/Src/stm32f7xx_hal_cortex.o
LOAD Drivers/STM32F7xx_HAL_Driver/Src/stm32f7xx_hal_dma.o
LOAD Drivers/STM32F7xx_HAL_Driver/Src/stm32f7xx_hal_dma_ex.o
LOAD Drivers/STM32F7xx_HAL_Driver/Src/stm32f7xx_hal_exti.o
LOAD Drivers/STM32F7xx_HAL_Driver/Src/stm32f7xx_hal_flash.o
LOAD Drivers/STM32F7xx_HAL_Driver/Src/stm32f7xx_hal_flash_ex.o
LOAD Drivers/STM32F7xx_HAL_Driver/Src/stm32f7xx_hal_gpio.o
LOAD Drivers/STM32F7xx_HAL_Driver/Src/stm32f7xx_hal_i2c.o
LOAD Drivers/STM32F7xx_HAL_Driver/Src/stm32f7xx_hal_i2c_ex.o
LOAD Drivers/STM32F7xx_HAL_Driver/Src/stm32f7xx_hal_pwr.o
LOAD Drivers/STM32F7xx_HAL_Driver/Src/stm32f7xx_hal_pwr_ex.o
LOAD Drivers/STM32F7xx_HAL_Driver/Src/stm32f7xx_hal_rcc.o
LOAD Drivers/STM32F7xx_HAL_Driver/Src/stm32f7xx_hal_rcc_ex.o
LOAD Drivers/STM32F7xx_HAL_Driver/Src/stm32f7xx_hal_spi.o
LOAD Drivers/STM32F7xx_HAL_Driver/Src/stm32f7xx_hal_spi_ex.o
LOAD Drivers/STM32F7xx_HAL_Driver/Src/stm32f7xx_hal_tim.o
LOAD Drivers/STM32F7xx_HAL_Driver/Src/stm32f7xx_hal_tim_ex.o
LOAD Drivers/STM32F7xx_HAL_Driver/Src/stm32f7xx_hal_uart.o
LOAD Drivers/STM32F7xx_HAL_Driver/Src/stm32f7xx_hal_uart_ex.o
START GROUP
LOAD c:/st/stm32cubeide_1.4.0/stm32cubeide/plugins/com.st.stm32cube.ide.mcu.externaltools.gnu-tools-for-stm32.7-2018-q2-update.win32_1.5.0.202011040924/tools/bin/../lib/gcc/arm-none-eabi/7.3.1/../../../../arm-none-eabi/lib/thumb/v7e-m/fpv4-sp/hard\libc_nano.a
LOAD c:/st/stm32cubeide_1.4.0/stm32cubeide/plugins/com.st.stm32cube.ide.mcu.externaltools.gnu-tools-for-stm32.7-2018-q2-update.win32_1.5.0.202011040924/tools/bin/../lib/gcc/arm-none-eabi/7.3.1/../../../../arm-none-eabi/lib/thumb/v7e-m/fpv4-sp/hard\libm.a
END GROUP
START GROUP
LOAD c:/st/stm32cubeide_1.4.0/stm32cubeide/plugins/com.st.stm32cube.ide.mcu.externaltools.gnu-tools-for-stm32.7-2018-q2-update.win32_1.5.0.202011040924/tools/bin/../lib/gcc/arm-none-eabi/7.3.1/thumb/v7e-m/fpv4-sp/hard\libgcc.a
LOAD c:/st/stm32cubeide_1.4.0/stm32cubeide/plugins/com.st.stm32cube.ide.mcu.externaltools.gnu-tools-for-stm32.7-2018-q2-update.win32_1.5.0.202011040924/tools/bin/../lib/gcc/arm-none-eabi/7.3.1/../../../../arm-none-eabi/lib/thumb/v7e-m/fpv4-sp/hard\libc_nano.a
END GROUP
START GROUP
LOAD c:/st/stm32cubeide_1.4.0/stm32cubeide/plugins/com.st.stm32cube.ide.mcu.externaltools.gnu-tools-for-stm32.7-2018-q2-update.win32_1.5.0.202011040924/tools/bin/../lib/gcc/arm-none-eabi/7.3.1/thumb/v7e-m/fpv4-sp/hard\libgcc.a
LOAD c:/st/stm32cubeide_1.4.0/stm32cubeide/plugins/com.st.stm32cube.ide.mcu.externaltools.gnu-tools-for-stm32.7-2018-q2-update.win32_1.5.0.202011040924/tools/bin/../lib/gcc/arm-none-eabi/7.3.1/../../../../arm-none-eabi/lib/thumb/v7e-m/fpv4-sp/hard\libc_nano.a
LOAD c:/st/stm32cubeide_1.4.0/stm32cubeide/plugins/com.st.stm32cube.ide.mcu.externaltools.gnu-tools-for-stm32.7-2018-q2-update.win32_1.5.0.202011040924/tools/bin/../lib/gcc/arm-none-eabi/7.3.1/../../../../arm-none-eabi/lib/thumb/v7e-m/fpv4-sp/hard\libnosys.a
END GROUP
START GROUP
LOAD c:/st/stm32cubeide_1.4.0/stm32cubeide/plugins/com.st.stm32cube.ide.mcu.externaltools.gnu-tools-for-stm32.7-2018-q2-update.win32_1.5.0.202011040924/tools/bin/../lib/gcc/arm-none-eabi/7.3.1/thumb/v7e-m/fpv4-sp/hard\libgcc.a
LOAD c:/st/stm32cubeide_1.4.0/stm32cubeide/plugins/com.st.stm32cube.ide.mcu.externaltools.gnu-tools-for-stm32.7-2018-q2-update.win32_1.5.0.202011040924/tools/bin/../lib/gcc/arm-none-eabi/7.3.1/../../../../arm-none-eabi/lib/thumb/v7e-m/fpv4-sp/hard\libc_nano.a
LOAD c:/st/stm32cubeide_1.4.0/stm32cubeide/plugins/com.st.stm32cube.ide.mcu.externaltools.gnu-tools-for-stm32.7-2018-q2-update.win32_1.5.0.202011040924/tools/bin/../lib/gcc/arm-none-eabi/7.3.1/../../../../arm-none-eabi/lib/thumb/v7e-m/fpv4-sp/hard\libnosys.a
END GROUP
LOAD c:/st/stm32cubeide_1.4.0/stm32cubeide/plugins/com.st.stm32cube.ide.mcu.externaltools.gnu-tools-for-stm32.7-2018-q2-update.win32_1.5.0.202011040924/tools/bin/../lib/gcc/arm-none-eabi/7.3.1/thumb/v7e-m/fpv4-sp/hard/crtend.o
LOAD c:/st/stm32cubeide_1.4.0/stm32cubeide/plugins/com.st.stm32cube.ide.mcu.externaltools.gnu-tools-for-stm32.7-2018-q2-update.win32_1.5.0.202011040924/tools/bin/../lib/gcc/arm-none-eabi/7.3.1/thumb/v7e-m/fpv4-sp/hard/crtn.o
                0x0000000020050000                _estack = (ORIGIN (RAM) + LENGTH (RAM))
                0x0000000000000200                _Min_Heap_Size = 0x200
                0x0000000000000400                _Min_Stack_Size = 0x400

.isr_vector     0x0000000008000000      0x1c8
                0x0000000008000000                . = ALIGN (0x4)
 *(.isr_vector)
 .isr_vector    0x0000000008000000      0x1c8 Core/Startup/startup_stm32f746zgtx.o
                0x0000000008000000                g_pfnVectors
                0x00000000080001c8                . = ALIGN (0x4)

.text           0x00000000080001c8     0x62c8
                0x00000000080001c8                . = ALIGN (0x4)
 *(.text)
 .text          0x00000000080001c8       0x40 c:/st/stm32cubeide_1.4.0/stm32cubeide/plugins/com.st.stm32cube.ide.mcu.externaltools.gnu-tools-for-stm32.7-2018-q2-update.win32_1.5.0.202011040924/tools/bin/../lib/gcc/arm-none-eabi/7.3.1/thumb/v7e-m/fpv4-sp/hard/crtbegin.o
 .text          0x0000000008000208       0x10 c:/st/stm32cubeide_1.4.0/stm32cubeide/plugins/com.st.stm32cube.ide.mcu.externaltools.gnu-tools-for-stm32.7-2018-q2-update.win32_1.5.0.202011040924/tools/bin/../lib/gcc/arm-none-eabi/7.3.1/../../../../arm-none-eabi/lib/thumb/v7e-m/fpv4-sp/hard\libc_nano.a(lib_a-strlen.o)
                0x0000000008000208                strlen
 .text          0x0000000008000218       0x30 c:/st/stm32cubeide_1.4.0/stm32cubeide/plugins/com.st.stm32cube.ide.mcu.externaltools.gnu-tools-for-stm32.7-2018-q2-update.win32_1.5.0.202011040924/tools/bin/../lib/gcc/arm-none-eabi/7.3.1/thumb/v7e-m/fpv4-sp/hard\libgcc.a(_aeabi_uldivmod.o)
                0x0000000008000218                __aeabi_uldivmod
 .text          0x0000000008000248      0x2cc c:/st/stm32cubeide_1.4.0/stm32cubeide/plugins/com.st.stm32cube.ide.mcu.externaltools.gnu-tools-for-stm32.7-2018-q2-update.win32_1.5.0.202011040924/tools/bin/../lib/gcc/arm-none-eabi/7.3.1/thumb/v7e-m/fpv4-sp/hard\libgcc.a(_udivmoddi4.o)
                0x0000000008000248                __udivmoddi4
 .text          0x0000000008000514        0x4 c:/st/stm32cubeide_1.4.0/stm32cubeide/plugins/com.st.stm32cube.ide.mcu.externaltools.gnu-tools-for-stm32.7-2018-q2-update.win32_1.5.0.202011040924/tools/bin/../lib/gcc/arm-none-eabi/7.3.1/thumb/v7e-m/fpv4-sp/hard\libgcc.a(_dvmd_tls.o)
                0x0000000008000514                __aeabi_idiv0
                0x0000000008000514                __aeabi_ldiv0
 *(.text*)
 .text.bmp280_get_regs
                0x0000000008000518       0x6e Core/Src/bmp280.o
                0x0000000008000518                bmp280_get_regs
 .text.bmp280_set_regs
                0x0000000008000586       0xdc Core/Src/bmp280.o
                0x0000000008000586                bmp280_set_regs
 .text.bmp280_soft_reset
                0x0000000008000662       0x4a Core/Src/bmp280.o
                0x0000000008000662                bmp280_soft_reset
 .text.bmp280_init
                0x00000000080006ac       0xcc Core/Src/bmp280.o
                0x00000000080006ac                bmp280_init
 .text.bmp280_get_config
                0x0000000008000778       0xa4 Core/Src/bmp280.o
                0x0000000008000778                bmp280_get_config
 .text.bmp280_set_config
                0x000000000800081c       0x1e Core/Src/bmp280.o
                0x000000000800081c                bmp280_set_config
 .text.bmp280_set_power_mode
                0x000000000800083a       0x3e Core/Src/bmp280.o
                0x000000000800083a                bmp280_set_power_mode
 .text.bmp280_get_uncomp_data
                0x0000000008000878       0x9e Core/Src/bmp280.o
                0x0000000008000878                bmp280_get_uncomp_data
 .text.bmp280_get_comp_temp_32bit
                0x0000000008000916       0xd6 Core/Src/bmp280.o
                0x0000000008000916                bmp280_get_comp_temp_32bit
 .text.null_ptr_check
                0x00000000080009ec       0x40 Core/Src/bmp280.o
 .text.interleave_data
                0x0000000008000a2c       0x56 Core/Src/bmp280.o
 .text.get_calib_param
                0x0000000008000a82      0x13a Core/Src/bmp280.o
 .text.conf_sensor
                0x0000000008000bbc      0x174 Core/Src/bmp280.o
 .text.st_check_boundaries
                0x0000000008000d30       0x70 Core/Src/bmp280.o
 .text.BMP280_Init
                0x0000000008000da0       0x5a Core/Src/bmp280_config.o
                0x0000000008000da0                BMP280_Init
 *fill*         0x0000000008000dfa        0x2 
 .text.bmp280_spi_reg_write
                0x0000000008000dfc       0xe8 Core/Src/bmp280_config.o
                0x0000000008000dfc                bmp280_spi_reg_write
 .text.bmp280_spi_reg_read
                0x0000000008000ee4      0x11c Core/Src/bmp280_config.o
                0x0000000008000ee4                bmp280_spi_reg_read
 .text.MX_GPIO_Init
                0x0000000008001000      0x3b8 Core/Src/gpio.o
                0x0000000008001000                MX_GPIO_Init
 .text.MX_I2C1_Init
                0x00000000080013b8       0x80 Core/Src/i2c.o
                0x00000000080013b8                MX_I2C1_Init
 .text.HAL_I2C_MspInit
                0x0000000008001438       0x88 Core/Src/i2c.o
                0x0000000008001438                HAL_I2C_MspInit
 .text.lcd_write_command
                0x00000000080014c0       0x64 Core/Src/lcd.o
                0x00000000080014c0                lcd_write_command
 .text.lcd_write_data
                0x0000000008001524       0x5c Core/Src/lcd.o
                0x0000000008001524                lcd_write_data
 .text.lcd_write
                0x0000000008001580       0x82 Core/Src/lcd.o
                0x0000000008001580                lcd_write
 .text.lcd_delay_us
                0x0000000008001602       0x40 Core/Src/lcd.o
                0x0000000008001602                lcd_delay_us
 .text.LCD_Init
                0x0000000008001642       0xcc Core/Src/lcd.o
                0x0000000008001642                LCD_Init
 .text.LCD_printStr
                0x000000000800170e       0x3c Core/Src/lcd.o
                0x000000000800170e                LCD_printStr
 *fill*         0x000000000800174a        0x2 
 .text.main     0x000000000800174c       0x7c Core/Src/main.o
                0x000000000800174c                main
 .text.SystemClock_Config
                0x00000000080017c8      0x128 Core/Src/main.o
                0x00000000080017c8                SystemClock_Config
 .text.Error_Handler
                0x00000000080018f0        0xe Core/Src/main.o
                0x00000000080018f0                Error_Handler
 *fill*         0x00000000080018fe        0x2 
 .text.MX_SPI4_Init
                0x0000000008001900       0x7c Core/Src/spi.o
                0x0000000008001900                MX_SPI4_Init
 .text.HAL_SPI_MspInit
                0x000000000800197c       0x88 Core/Src/spi.o
                0x000000000800197c                HAL_SPI_MspInit
 .text.HAL_MspInit
                0x0000000008001a04       0x48 Core/Src/stm32f7xx_hal_msp.o
                0x0000000008001a04                HAL_MspInit
 .text.NMI_Handler
                0x0000000008001a4c        0xe Core/Src/stm32f7xx_it.o
                0x0000000008001a4c                NMI_Handler
 .text.HardFault_Handler
                0x0000000008001a5a        0x6 Core/Src/stm32f7xx_it.o
                0x0000000008001a5a                HardFault_Handler
 .text.MemManage_Handler
                0x0000000008001a60        0x6 Core/Src/stm32f7xx_it.o
                0x0000000008001a60                MemManage_Handler
 .text.BusFault_Handler
                0x0000000008001a66        0x6 Core/Src/stm32f7xx_it.o
                0x0000000008001a66                BusFault_Handler
 .text.UsageFault_Handler
                0x0000000008001a6c        0x6 Core/Src/stm32f7xx_it.o
                0x0000000008001a6c                UsageFault_Handler
 .text.SVC_Handler
                0x0000000008001a72        0xe Core/Src/stm32f7xx_it.o
                0x0000000008001a72                SVC_Handler
 .text.DebugMon_Handler
                0x0000000008001a80        0xe Core/Src/stm32f7xx_it.o
                0x0000000008001a80                DebugMon_Handler
 .text.PendSV_Handler
                0x0000000008001a8e        0xe Core/Src/stm32f7xx_it.o
                0x0000000008001a8e                PendSV_Handler
 .text.SysTick_Handler
                0x0000000008001a9c        0xc Core/Src/stm32f7xx_it.o
                0x0000000008001a9c                SysTick_Handler
 .text.EXTI9_5_IRQHandler
                0x0000000008001aa8       0x14 Core/Src/stm32f7xx_it.o
                0x0000000008001aa8                EXTI9_5_IRQHandler
 .text.TIM2_IRQHandler
                0x0000000008001abc       0x14 Core/Src/stm32f7xx_it.o
                0x0000000008001abc                TIM2_IRQHandler
 .text.USART3_IRQHandler
                0x0000000008001ad0       0x14 Core/Src/stm32f7xx_it.o
                0x0000000008001ad0                USART3_IRQHandler
 .text.EXTI15_10_IRQHandler
                0x0000000008001ae4       0x20 Core/Src/stm32f7xx_it.o
                0x0000000008001ae4                EXTI15_10_IRQHandler
 .text.SystemInit
                0x0000000008001b04       0x2c Core/Src/system_stm32f7xx.o
                0x0000000008001b04                SystemInit
 .text.MX_TIM2_Init
                0x0000000008001b30       0x9c Core/Src/tim.o
                0x0000000008001b30                MX_TIM2_Init
 .text.MX_TIM3_Init
                0x0000000008001bcc       0xf0 Core/Src/tim.o
                0x0000000008001bcc                MX_TIM3_Init
 .text.MX_TIM4_Init
                0x0000000008001cbc       0xa8 Core/Src/tim.o
                0x0000000008001cbc                MX_TIM4_Init
 .text.MX_TIM5_Init
                0x0000000008001d64       0x9c Core/Src/tim.o
                0x0000000008001d64                MX_TIM5_Init
 .text.HAL_TIM_Base_MspInit
                0x0000000008001e00      0x120 Core/Src/tim.o
                0x0000000008001e00                HAL_TIM_Base_MspInit
 .text.HAL_TIM_Encoder_MspInit
                0x0000000008001f20       0x88 Core/Src/tim.o
                0x0000000008001f20                HAL_TIM_Encoder_MspInit
 .text.HAL_TIM_MspPostInit
                0x0000000008001fa8       0x70 Core/Src/tim.o
                0x0000000008001fa8                HAL_TIM_MspPostInit
 .text.MX_USART3_UART_Init
                0x0000000008002018       0x60 Core/Src/usart.o
                0x0000000008002018                MX_USART3_UART_Init
 .text.HAL_UART_MspInit
                0x0000000008002078       0x98 Core/Src/usart.o
                0x0000000008002078                HAL_UART_MspInit
 .text.Reset_Handler
                0x0000000008002110       0x50 Core/Startup/startup_stm32f746zgtx.o
                0x0000000008002110                Reset_Handler
 .text.Default_Handler
                0x0000000008002160        0x2 Core/Startup/startup_stm32f746zgtx.o
                0x0000000008002160                RTC_Alarm_IRQHandler
                0x0000000008002160                EXTI2_IRQHandler
                0x0000000008002160                TIM8_CC_IRQHandler
                0x0000000008002160                UART8_IRQHandler
                0x0000000008002160                SPI4_IRQHandler
                0x0000000008002160                TIM1_CC_IRQHandler
                0x0000000008002160                DMA2_Stream5_IRQHandler
                0x0000000008002160                DMA1_Stream5_IRQHandler
                0x0000000008002160                PVD_IRQHandler
                0x0000000008002160                TAMP_STAMP_IRQHandler
                0x0000000008002160                CAN2_RX1_IRQHandler
                0x0000000008002160                EXTI3_IRQHandler
                0x0000000008002160                TIM8_TRG_COM_TIM14_IRQHandler
                0x0000000008002160                TIM1_UP_TIM10_IRQHandler
                0x0000000008002160                TIM8_UP_TIM13_IRQHandler
                0x0000000008002160                I2C3_ER_IRQHandler
                0x0000000008002160                EXTI0_IRQHandler
                0x0000000008002160                I2C2_EV_IRQHandler
                0x0000000008002160                DMA1_Stream2_IRQHandler
                0x0000000008002160                CAN1_RX0_IRQHandler
                0x0000000008002160                FPU_IRQHandler
                0x0000000008002160                OTG_HS_WKUP_IRQHandler
                0x0000000008002160                LTDC_ER_IRQHandler
                0x0000000008002160                CAN2_SCE_IRQHandler
                0x0000000008002160                DMA2_Stream2_IRQHandler
                0x0000000008002160                SPI1_IRQHandler
                0x0000000008002160                TIM6_DAC_IRQHandler
                0x0000000008002160                TIM1_BRK_TIM9_IRQHandler
                0x0000000008002160                DCMI_IRQHandler
                0x0000000008002160                CAN2_RX0_IRQHandler
                0x0000000008002160                DMA2_Stream3_IRQHandler
                0x0000000008002160                SAI2_IRQHandler
                0x0000000008002160                USART6_IRQHandler
                0x0000000008002160                CAN1_RX1_IRQHandler
                0x0000000008002160                UART5_IRQHandler
                0x0000000008002160                DMA2_Stream0_IRQHandler
                0x0000000008002160                TIM4_IRQHandler
                0x0000000008002160                QUADSPI_IRQHandler
                0x0000000008002160                I2C1_EV_IRQHandler
                0x0000000008002160                DMA1_Stream6_IRQHandler
                0x0000000008002160                DMA1_Stream1_IRQHandler
                0x0000000008002160                UART4_IRQHandler
                0x0000000008002160                TIM3_IRQHandler
                0x0000000008002160                RCC_IRQHandler
                0x0000000008002160                TIM8_BRK_TIM12_IRQHandler
                0x0000000008002160                Default_Handler
                0x0000000008002160                CEC_IRQHandler
                0x0000000008002160                ADC_IRQHandler
                0x0000000008002160                DMA1_Stream7_IRQHandler
                0x0000000008002160                SPI5_IRQHandler
                0x0000000008002160                TIM7_IRQHandler
                0x0000000008002160                SDMMC1_IRQHandler
                0x0000000008002160                CAN2_TX_IRQHandler
                0x0000000008002160                TIM5_IRQHandler
                0x0000000008002160                DMA2_Stream7_IRQHandler
                0x0000000008002160                I2C3_EV_IRQHandler
                0x0000000008002160                RTC_WKUP_IRQHandler
                0x0000000008002160                LTDC_IRQHandler
                0x0000000008002160                ETH_WKUP_IRQHandler
                0x0000000008002160                SPDIF_RX_IRQHandler
                0x0000000008002160                SPI2_IRQHandler
                0x0000000008002160                OTG_HS_EP1_IN_IRQHandler
                0x0000000008002160                DMA1_Stream0_IRQHandler
                0x0000000008002160                CAN1_TX_IRQHandler
                0x0000000008002160                EXTI4_IRQHandler
                0x0000000008002160                RNG_IRQHandler
                0x0000000008002160                ETH_IRQHandler
                0x0000000008002160                OTG_HS_EP1_OUT_IRQHandler
                0x0000000008002160                WWDG_IRQHandler
                0x0000000008002160                SPI6_IRQHandler
                0x0000000008002160                I2C4_EV_IRQHandler
                0x0000000008002160                OTG_FS_WKUP_IRQHandler
                0x0000000008002160                TIM1_TRG_COM_TIM11_IRQHandler
                0x0000000008002160                OTG_HS_IRQHandler
                0x0000000008002160                DMA2D_IRQHandler
                0x0000000008002160                EXTI1_IRQHandler
                0x0000000008002160                UART7_IRQHandler
                0x0000000008002160                USART2_IRQHandler
                0x0000000008002160                I2C2_ER_IRQHandler
                0x0000000008002160                DMA2_Stream1_IRQHandler
                0x0000000008002160                CAN1_SCE_IRQHandler
                0x0000000008002160                FLASH_IRQHandler
                0x0000000008002160                DMA2_Stream4_IRQHandler
                0x0000000008002160                USART1_IRQHandler
                0x0000000008002160                OTG_FS_IRQHandler
                0x0000000008002160                SPI3_IRQHandler
                0x0000000008002160                DMA1_Stream4_IRQHandler
                0x0000000008002160                I2C1_ER_IRQHandler
                0x0000000008002160                FMC_IRQHandler
                0x0000000008002160                LPTIM1_IRQHandler
                0x0000000008002160                I2C4_ER_IRQHandler
                0x0000000008002160                DMA2_Stream6_IRQHandler
                0x0000000008002160                SAI1_IRQHandler
                0x0000000008002160                DMA1_Stream3_IRQHandler
 .text.HAL_Init
                0x0000000008002162       0x1a Drivers/STM32F7xx_HAL_Driver/Src/stm32f7xx_hal.o
                0x0000000008002162                HAL_Init
 .text.HAL_InitTick
                0x000000000800217c       0x60 Drivers/STM32F7xx_HAL_Driver/Src/stm32f7xx_hal.o
                0x000000000800217c                HAL_InitTick
 .text.HAL_IncTick
                0x00000000080021dc       0x28 Drivers/STM32F7xx_HAL_Driver/Src/stm32f7xx_hal.o
                0x00000000080021dc                HAL_IncTick
 .text.HAL_GetTick
                0x0000000008002204       0x18 Drivers/STM32F7xx_HAL_Driver/Src/stm32f7xx_hal.o
                0x0000000008002204                HAL_GetTick
 .text.HAL_Delay
                0x000000000800221c       0x44 Drivers/STM32F7xx_HAL_Driver/Src/stm32f7xx_hal.o
                0x000000000800221c                HAL_Delay
 .text.__NVIC_SetPriorityGrouping
                0x0000000008002260       0x48 Drivers/STM32F7xx_HAL_Driver/Src/stm32f7xx_hal_cortex.o
 .text.__NVIC_GetPriorityGrouping
                0x00000000080022a8       0x1c Drivers/STM32F7xx_HAL_Driver/Src/stm32f7xx_hal_cortex.o
 .text.__NVIC_EnableIRQ
                0x00000000080022c4       0x3c Drivers/STM32F7xx_HAL_Driver/Src/stm32f7xx_hal_cortex.o
 .text.__NVIC_SetPriority
                0x0000000008002300       0x54 Drivers/STM32F7xx_HAL_Driver/Src/stm32f7xx_hal_cortex.o
 .text.NVIC_EncodePriority
                0x0000000008002354       0x66 Drivers/STM32F7xx_HAL_Driver/Src/stm32f7xx_hal_cortex.o
 *fill*         0x00000000080023ba        0x2 
 .text.SysTick_Config
                0x00000000080023bc       0x44 Drivers/STM32F7xx_HAL_Driver/Src/stm32f7xx_hal_cortex.o
 .text.HAL_NVIC_SetPriorityGrouping
                0x0000000008002400       0x16 Drivers/STM32F7xx_HAL_Driver/Src/stm32f7xx_hal_cortex.o
                0x0000000008002400                HAL_NVIC_SetPriorityGrouping
 .text.HAL_NVIC_SetPriority
                0x0000000008002416       0x38 Drivers/STM32F7xx_HAL_Driver/Src/stm32f7xx_hal_cortex.o
                0x0000000008002416                HAL_NVIC_SetPriority
 .text.HAL_NVIC_EnableIRQ
                0x000000000800244e       0x1c Drivers/STM32F7xx_HAL_Driver/Src/stm32f7xx_hal_cortex.o
                0x000000000800244e                HAL_NVIC_EnableIRQ
 .text.HAL_SYSTICK_Config
                0x000000000800246a       0x18 Drivers/STM32F7xx_HAL_Driver/Src/stm32f7xx_hal_cortex.o
                0x000000000800246a                HAL_SYSTICK_Config
 .text.HAL_DMA_Abort_IT
                0x0000000008002482       0x44 Drivers/STM32F7xx_HAL_Driver/Src/stm32f7xx_hal_dma.o
                0x0000000008002482                HAL_DMA_Abort_IT
 *fill*         0x00000000080024c6        0x2 
 .text.HAL_GPIO_Init
                0x00000000080024c8      0x354 Drivers/STM32F7xx_HAL_Driver/Src/stm32f7xx_hal_gpio.o
                0x00000000080024c8                HAL_GPIO_Init
 .text.HAL_GPIO_WritePin
                0x000000000800281c       0x32 Drivers/STM32F7xx_HAL_Driver/Src/stm32f7xx_hal_gpio.o
                0x000000000800281c                HAL_GPIO_WritePin
 *fill*         0x000000000800284e        0x2 
 .text.HAL_GPIO_EXTI_IRQHandler
                0x0000000008002850       0x30 Drivers/STM32F7xx_HAL_Driver/Src/stm32f7xx_hal_gpio.o
                0x0000000008002850                HAL_GPIO_EXTI_IRQHandler
 .text.HAL_GPIO_EXTI_Callback
                0x0000000008002880       0x16 Drivers/STM32F7xx_HAL_Driver/Src/stm32f7xx_hal_gpio.o
                0x0000000008002880                HAL_GPIO_EXTI_Callback
 *fill*         0x0000000008002896        0x2 
 .text.HAL_I2C_Init
                0x0000000008002898      0x120 Drivers/STM32F7xx_HAL_Driver/Src/stm32f7xx_hal_i2c.o
                0x0000000008002898                HAL_I2C_Init
 .text.HAL_I2CEx_ConfigAnalogFilter
                0x00000000080029b8       0x96 Drivers/STM32F7xx_HAL_Driver/Src/stm32f7xx_hal_i2c_ex.o
                0x00000000080029b8                HAL_I2CEx_ConfigAnalogFilter
 .text.HAL_I2CEx_ConfigDigitalFilter
                0x0000000008002a4e       0x98 Drivers/STM32F7xx_HAL_Driver/Src/stm32f7xx_hal_i2c_ex.o
                0x0000000008002a4e                HAL_I2CEx_ConfigDigitalFilter
 *fill*         0x0000000008002ae6        0x2 
 .text.HAL_PWR_EnableBkUpAccess
                0x0000000008002ae8       0x20 Drivers/STM32F7xx_HAL_Driver/Src/stm32f7xx_hal_pwr.o
                0x0000000008002ae8                HAL_PWR_EnableBkUpAccess
 .text.HAL_PWREx_EnableOverDrive
                0x0000000008002b08       0xa0 Drivers/STM32F7xx_HAL_Driver/Src/stm32f7xx_hal_pwr_ex.o
                0x0000000008002b08                HAL_PWREx_EnableOverDrive
 .text.HAL_RCC_OscConfig
                0x0000000008002ba8      0x548 Drivers/STM32F7xx_HAL_Driver/Src/stm32f7xx_hal_rcc.o
                0x0000000008002ba8                HAL_RCC_OscConfig
 .text.HAL_RCC_ClockConfig
                0x00000000080030f0      0x1d8 Drivers/STM32F7xx_HAL_Driver/Src/stm32f7xx_hal_rcc.o
                0x00000000080030f0                HAL_RCC_ClockConfig
 .text.HAL_RCC_GetSysClockFreq
                0x00000000080032c8      0x1b0 Drivers/STM32F7xx_HAL_Driver/Src/stm32f7xx_hal_rcc.o
                0x00000000080032c8                HAL_RCC_GetSysClockFreq
 .text.HAL_RCC_GetHCLKFreq
                0x0000000008003478       0x18 Drivers/STM32F7xx_HAL_Driver/Src/stm32f7xx_hal_rcc.o
                0x0000000008003478                HAL_RCC_GetHCLKFreq
 .text.HAL_RCC_GetPCLK1Freq
                0x0000000008003490       0x28 Drivers/STM32F7xx_HAL_Driver/Src/stm32f7xx_hal_rcc.o
                0x0000000008003490                HAL_RCC_GetPCLK1Freq
 .text.HAL_RCC_GetPCLK2Freq
                0x00000000080034b8       0x28 Drivers/STM32F7xx_HAL_Driver/Src/stm32f7xx_hal_rcc.o
                0x00000000080034b8                HAL_RCC_GetPCLK2Freq
 .text.HAL_RCCEx_PeriphCLKConfig
                0x00000000080034e0      0x7dc Drivers/STM32F7xx_HAL_Driver/Src/stm32f7xx_hal_rcc_ex.o
                0x00000000080034e0                HAL_RCCEx_PeriphCLKConfig
 .text.HAL_SPI_Init
                0x0000000008003cbc      0x124 Drivers/STM32F7xx_HAL_Driver/Src/stm32f7xx_hal_spi.o
                0x0000000008003cbc                HAL_SPI_Init
 .text.HAL_SPI_Transmit
                0x0000000008003de0      0x2cc Drivers/STM32F7xx_HAL_Driver/Src/stm32f7xx_hal_spi.o
                0x0000000008003de0                HAL_SPI_Transmit
 .text.HAL_SPI_TransmitReceive
                0x00000000080040ac      0x426 Drivers/STM32F7xx_HAL_Driver/Src/stm32f7xx_hal_spi.o
                0x00000000080040ac                HAL_SPI_TransmitReceive
 .text.SPI_WaitFlagStateUntilTimeout
                0x00000000080044d2       0xd4 Drivers/STM32F7xx_HAL_Driver/Src/stm32f7xx_hal_spi.o
 .text.SPI_WaitFifoStateUntilTimeout
                0x00000000080045a6       0xda Drivers/STM32F7xx_HAL_Driver/Src/stm32f7xx_hal_spi.o
 .text.SPI_EndRxTxTransaction
                0x0000000008004680       0x8c Drivers/STM32F7xx_HAL_Driver/Src/stm32f7xx_hal_spi.o
 .text.HAL_TIM_Base_Init
                0x000000000800470c       0x56 Drivers/STM32F7xx_HAL_Driver/Src/stm32f7xx_hal_tim.o
                0x000000000800470c                HAL_TIM_Base_Init
 *fill*         0x0000000008004762        0x2 
 .text.HAL_TIM_Base_Start
                0x0000000008004764       0x54 Drivers/STM32F7xx_HAL_Driver/Src/stm32f7xx_hal_tim.o
                0x0000000008004764                HAL_TIM_Base_Start
 .text.HAL_TIM_Base_Stop
                0x00000000080047b8       0x56 Drivers/STM32F7xx_HAL_Driver/Src/stm32f7xx_hal_tim.o
                0x00000000080047b8                HAL_TIM_Base_Stop
 .text.HAL_TIM_PWM_Init
                0x000000000800480e       0x56 Drivers/STM32F7xx_HAL_Driver/Src/stm32f7xx_hal_tim.o
                0x000000000800480e                HAL_TIM_PWM_Init
 .text.HAL_TIM_PWM_MspInit
                0x0000000008004864       0x14 Drivers/STM32F7xx_HAL_Driver/Src/stm32f7xx_hal_tim.o
                0x0000000008004864                HAL_TIM_PWM_MspInit
 .text.HAL_TIM_Encoder_Init
                0x0000000008004878      0x124 Drivers/STM32F7xx_HAL_Driver/Src/stm32f7xx_hal_tim.o
                0x0000000008004878                HAL_TIM_Encoder_Init
 .text.HAL_TIM_IRQHandler
                0x000000000800499c      0x23e Drivers/STM32F7xx_HAL_Driver/Src/stm32f7xx_hal_tim.o
                0x000000000800499c                HAL_TIM_IRQHandler
 *fill*         0x0000000008004bda        0x2 
 .text.HAL_TIM_PWM_ConfigChannel
                0x0000000008004bdc      0x230 Drivers/STM32F7xx_HAL_Driver/Src/stm32f7xx_hal_tim.o
                0x0000000008004bdc                HAL_TIM_PWM_ConfigChannel
 .text.HAL_TIM_ConfigClockSource
                0x0000000008004e0c      0x174 Drivers/STM32F7xx_HAL_Driver/Src/stm32f7xx_hal_tim.o
                0x0000000008004e0c                HAL_TIM_ConfigClockSource
 .text.HAL_TIM_PeriodElapsedCallback
                0x0000000008004f80       0x14 Drivers/STM32F7xx_HAL_Driver/Src/stm32f7xx_hal_tim.o
                0x0000000008004f80                HAL_TIM_PeriodElapsedCallback
 .text.HAL_TIM_OC_DelayElapsedCallback
                0x0000000008004f94       0x14 Drivers/STM32F7xx_HAL_Driver/Src/stm32f7xx_hal_tim.o
                0x0000000008004f94                HAL_TIM_OC_DelayElapsedCallback
 .text.HAL_TIM_IC_CaptureCallback
                0x0000000008004fa8       0x14 Drivers/STM32F7xx_HAL_Driver/Src/stm32f7xx_hal_tim.o
                0x0000000008004fa8                HAL_TIM_IC_CaptureCallback
 .text.HAL_TIM_PWM_PulseFinishedCallback
                0x0000000008004fbc       0x14 Drivers/STM32F7xx_HAL_Driver/Src/stm32f7xx_hal_tim.o
                0x0000000008004fbc                HAL_TIM_PWM_PulseFinishedCallback
 .text.HAL_TIM_TriggerCallback
                0x0000000008004fd0       0x14 Drivers/STM32F7xx_HAL_Driver/Src/stm32f7xx_hal_tim.o
                0x0000000008004fd0                HAL_TIM_TriggerCallback
 .text.TIM_Base_SetConfig
                0x0000000008004fe4      0x140 Drivers/STM32F7xx_HAL_Driver/Src/stm32f7xx_hal_tim.o
                0x0000000008004fe4                TIM_Base_SetConfig
 .text.TIM_OC1_SetConfig
                0x0000000008005124       0xe4 Drivers/STM32F7xx_HAL_Driver/Src/stm32f7xx_hal_tim.o
 .text.TIM_OC2_SetConfig
                0x0000000008005208       0xf0 Drivers/STM32F7xx_HAL_Driver/Src/stm32f7xx_hal_tim.o
                0x0000000008005208                TIM_OC2_SetConfig
 .text.TIM_OC3_SetConfig
                0x00000000080052f8       0xec Drivers/STM32F7xx_HAL_Driver/Src/stm32f7xx_hal_tim.o
 .text.TIM_OC4_SetConfig
                0x00000000080053e4       0xb0 Drivers/STM32F7xx_HAL_Driver/Src/stm32f7xx_hal_tim.o
 .text.TIM_OC5_SetConfig
                0x0000000008005494       0xa4 Drivers/STM32F7xx_HAL_Driver/Src/stm32f7xx_hal_tim.o
 .text.TIM_OC6_SetConfig
                0x0000000008005538       0xa8 Drivers/STM32F7xx_HAL_Driver/Src/stm32f7xx_hal_tim.o
 .text.TIM_TI1_ConfigInputStage
                0x00000000080055e0       0x5e Drivers/STM32F7xx_HAL_Driver/Src/stm32f7xx_hal_tim.o
 .text.TIM_TI2_ConfigInputStage
                0x000000000800563e       0x60 Drivers/STM32F7xx_HAL_Driver/Src/stm32f7xx_hal_tim.o
 .text.TIM_ITRx_SetConfig
                0x000000000800569e       0x36 Drivers/STM32F7xx_HAL_Driver/Src/stm32f7xx_hal_tim.o
 .text.TIM_ETR_SetConfig
                0x00000000080056d4       0x40 Drivers/STM32F7xx_HAL_Driver/Src/stm32f7xx_hal_tim.o
                0x00000000080056d4                TIM_ETR_SetConfig
 .text.HAL_TIMEx_MasterConfigSynchronization
                0x0000000008005714      0x11c Drivers/STM32F7xx_HAL_Driver/Src/stm32f7xx_hal_tim_ex.o
                0x0000000008005714                HAL_TIMEx_MasterConfigSynchronization
 .text.HAL_TIMEx_CommutCallback
                0x0000000008005830       0x14 Drivers/STM32F7xx_HAL_Driver/Src/stm32f7xx_hal_tim_ex.o
                0x0000000008005830                HAL_TIMEx_CommutCallback
 .text.HAL_TIMEx_BreakCallback
                0x0000000008005844       0x14 Drivers/STM32F7xx_HAL_Driver/Src/stm32f7xx_hal_tim_ex.o
                0x0000000008005844                HAL_TIMEx_BreakCallback
 .text.HAL_TIMEx_Break2Callback
                0x0000000008005858       0x14 Drivers/STM32F7xx_HAL_Driver/Src/stm32f7xx_hal_tim_ex.o
                0x0000000008005858                HAL_TIMEx_Break2Callback
 .text.HAL_UART_Init
                0x000000000800586c       0x9c Drivers/STM32F7xx_HAL_Driver/Src/stm32f7xx_hal_uart.o
                0x000000000800586c                HAL_UART_Init
 .text.HAL_UART_IRQHandler
                0x0000000008005908      0x264 Drivers/STM32F7xx_HAL_Driver/Src/stm32f7xx_hal_uart.o
                0x0000000008005908                HAL_UART_IRQHandler
 .text.HAL_UART_TxCpltCallback
                0x0000000008005b6c       0x14 Drivers/STM32F7xx_HAL_Driver/Src/stm32f7xx_hal_uart.o
                0x0000000008005b6c                HAL_UART_TxCpltCallback
 .text.HAL_UART_ErrorCallback
                0x0000000008005b80       0x14 Drivers/STM32F7xx_HAL_Driver/Src/stm32f7xx_hal_uart.o
                0x0000000008005b80                HAL_UART_ErrorCallback
 .text.UART_SetConfig
                0x0000000008005b94      0x554 Drivers/STM32F7xx_HAL_Driver/Src/stm32f7xx_hal_uart.o
                0x0000000008005b94                UART_SetConfig
 .text.UART_AdvFeatureConfig
                0x00000000080060e8      0x144 Drivers/STM32F7xx_HAL_Driver/Src/stm32f7xx_hal_uart.o
                0x00000000080060e8                UART_AdvFeatureConfig
 .text.UART_CheckIdleState
                0x000000000800622c       0x5e Drivers/STM32F7xx_HAL_Driver/Src/stm32f7xx_hal_uart.o
                0x000000000800622c                UART_CheckIdleState
 .text.UART_WaitOnFlagUntilTimeout
                0x000000000800628a       0xf6 Drivers/STM32F7xx_HAL_Driver/Src/stm32f7xx_hal_uart.o
                0x000000000800628a                UART_WaitOnFlagUntilTimeout
 .text.UART_EndRxTransfer
                0x0000000008006380       0x40 Drivers/STM32F7xx_HAL_Driver/Src/stm32f7xx_hal_uart.o
 .text.UART_DMAAbortOnError
                0x00000000080063c0       0x2c Drivers/STM32F7xx_HAL_Driver/Src/stm32f7xx_hal_uart.o
 .text.UART_EndTransmit_IT
                0x00000000080063ec       0x32 Drivers/STM32F7xx_HAL_Driver/Src/stm32f7xx_hal_uart.o
 *fill*         0x000000000800641e        0x2 
 .text.__libc_init_array
                0x0000000008006420       0x48 c:/st/stm32cubeide_1.4.0/stm32cubeide/plugins/com.st.stm32cube.ide.mcu.externaltools.gnu-tools-for-stm32.7-2018-q2-update.win32_1.5.0.202011040924/tools/bin/../lib/gcc/arm-none-eabi/7.3.1/../../../../arm-none-eabi/lib/thumb/v7e-m/fpv4-sp/hard\libc_nano.a(lib_a-init.o)
                0x0000000008006420                __libc_init_array
 .text.memset   0x0000000008006468       0x10 c:/st/stm32cubeide_1.4.0/stm32cubeide/plugins/com.st.stm32cube.ide.mcu.externaltools.gnu-tools-for-stm32.7-2018-q2-update.win32_1.5.0.202011040924/tools/bin/../lib/gcc/arm-none-eabi/7.3.1/../../../../arm-none-eabi/lib/thumb/v7e-m/fpv4-sp/hard\libc_nano.a(lib_a-memset.o)
                0x0000000008006468                memset
 *(.glue_7)
 .glue_7        0x0000000008006478        0x0 linker stubs
 *(.glue_7t)
 .glue_7t       0x0000000008006478        0x0 linker stubs
 *(.eh_frame)
 .eh_frame      0x0000000008006478        0x0 c:/st/stm32cubeide_1.4.0/stm32cubeide/plugins/com.st.stm32cube.ide.mcu.externaltools.gnu-tools-for-stm32.7-2018-q2-update.win32_1.5.0.202011040924/tools/bin/../lib/gcc/arm-none-eabi/7.3.1/thumb/v7e-m/fpv4-sp/hard/crtbegin.o
 *(.init)
 .init          0x0000000008006478        0x4 c:/st/stm32cubeide_1.4.0/stm32cubeide/plugins/com.st.stm32cube.ide.mcu.externaltools.gnu-tools-for-stm32.7-2018-q2-update.win32_1.5.0.202011040924/tools/bin/../lib/gcc/arm-none-eabi/7.3.1/thumb/v7e-m/fpv4-sp/hard/crti.o
                0x0000000008006478                _init
 .init          0x000000000800647c        0x8 c:/st/stm32cubeide_1.4.0/stm32cubeide/plugins/com.st.stm32cube.ide.mcu.externaltools.gnu-tools-for-stm32.7-2018-q2-update.win32_1.5.0.202011040924/tools/bin/../lib/gcc/arm-none-eabi/7.3.1/thumb/v7e-m/fpv4-sp/hard/crtn.o
 *(.fini)
 .fini          0x0000000008006484        0x4 c:/st/stm32cubeide_1.4.0/stm32cubeide/plugins/com.st.stm32cube.ide.mcu.externaltools.gnu-tools-for-stm32.7-2018-q2-update.win32_1.5.0.202011040924/tools/bin/../lib/gcc/arm-none-eabi/7.3.1/thumb/v7e-m/fpv4-sp/hard/crti.o
                0x0000000008006484                _fini
 .fini          0x0000000008006488        0x8 c:/st/stm32cubeide_1.4.0/stm32cubeide/plugins/com.st.stm32cube.ide.mcu.externaltools.gnu-tools-for-stm32.7-2018-q2-update.win32_1.5.0.202011040924/tools/bin/../lib/gcc/arm-none-eabi/7.3.1/thumb/v7e-m/fpv4-sp/hard/crtn.o
                0x0000000008006490                . = ALIGN (0x4)
                0x0000000008006490                _etext = .

.vfp11_veneer   0x0000000008006490        0x0
 .vfp11_veneer  0x0000000008006490        0x0 linker stubs

.v4_bx          0x0000000008006490        0x0
 .v4_bx         0x0000000008006490        0x0 linker stubs

.iplt           0x0000000008006490        0x0
 .iplt          0x0000000008006490        0x0 c:/st/stm32cubeide_1.4.0/stm32cubeide/plugins/com.st.stm32cube.ide.mcu.externaltools.gnu-tools-for-stm32.7-2018-q2-update.win32_1.5.0.202011040924/tools/bin/../lib/gcc/arm-none-eabi/7.3.1/thumb/v7e-m/fpv4-sp/hard/crtbegin.o

.rodata         0x0000000008006490       0x24
                0x0000000008006490                . = ALIGN (0x4)
 *(.rodata)
 .rodata        0x0000000008006490        0x2 Core/Src/bmp280.o
 *fill*         0x0000000008006492        0x2 
 .rodata        0x0000000008006494        0x8 Core/Src/main.o
 *(.rodata*)
 .rodata.AHBPrescTable
                0x000000000800649c       0x10 Core/Src/system_stm32f7xx.o
                0x000000000800649c                AHBPrescTable
 .rodata.APBPrescTable
                0x00000000080064ac        0x8 Core/Src/system_stm32f7xx.o
                0x00000000080064ac                APBPrescTable
                0x00000000080064b4                . = ALIGN (0x4)

.ARM.extab      0x00000000080064b4        0x0
                0x00000000080064b4                . = ALIGN (0x4)
 *(.ARM.extab* .gnu.linkonce.armextab.*)
                0x00000000080064b4                . = ALIGN (0x4)

.ARM            0x00000000080064b4        0x8
                0x00000000080064b4                . = ALIGN (0x4)
                0x00000000080064b4                __exidx_start = .
 *(.ARM.exidx*)
 .ARM.exidx     0x00000000080064b4        0x8 c:/st/stm32cubeide_1.4.0/stm32cubeide/plugins/com.st.stm32cube.ide.mcu.externaltools.gnu-tools-for-stm32.7-2018-q2-update.win32_1.5.0.202011040924/tools/bin/../lib/gcc/arm-none-eabi/7.3.1/thumb/v7e-m/fpv4-sp/hard\libgcc.a(_udivmoddi4.o)
                0x00000000080064bc                __exidx_end = .
                0x00000000080064bc                . = ALIGN (0x4)

.rel.dyn        0x00000000080064bc        0x0
 .rel.iplt      0x00000000080064bc        0x0 c:/st/stm32cubeide_1.4.0/stm32cubeide/plugins/com.st.stm32cube.ide.mcu.externaltools.gnu-tools-for-stm32.7-2018-q2-update.win32_1.5.0.202011040924/tools/bin/../lib/gcc/arm-none-eabi/7.3.1/thumb/v7e-m/fpv4-sp/hard/crtbegin.o

.preinit_array  0x00000000080064bc        0x0
                0x00000000080064bc                . = ALIGN (0x4)
                0x00000000080064bc                PROVIDE (__preinit_array_start = .)
 *(.preinit_array*)
                0x00000000080064bc                PROVIDE (__preinit_array_end = .)
                0x00000000080064bc                . = ALIGN (0x4)

.init_array     0x00000000080064bc        0x4
                0x00000000080064bc                . = ALIGN (0x4)
                0x00000000080064bc                PROVIDE (__init_array_start = .)
 *(SORT_BY_NAME(.init_array.*))
 *(.init_array*)
 .init_array    0x00000000080064bc        0x4 c:/st/stm32cubeide_1.4.0/stm32cubeide/plugins/com.st.stm32cube.ide.mcu.externaltools.gnu-tools-for-stm32.7-2018-q2-update.win32_1.5.0.202011040924/tools/bin/../lib/gcc/arm-none-eabi/7.3.1/thumb/v7e-m/fpv4-sp/hard/crtbegin.o
                0x00000000080064c0                PROVIDE (__init_array_end = .)
                0x00000000080064c0                . = ALIGN (0x4)

.fini_array     0x00000000080064c0        0x4
                0x00000000080064c0                . = ALIGN (0x4)
                [!provide]                        PROVIDE (__fini_array_start = .)
 *(SORT_BY_NAME(.fini_array.*))
 *(.fini_array*)
 .fini_array    0x00000000080064c0        0x4 c:/st/stm32cubeide_1.4.0/stm32cubeide/plugins/com.st.stm32cube.ide.mcu.externaltools.gnu-tools-for-stm32.7-2018-q2-update.win32_1.5.0.202011040924/tools/bin/../lib/gcc/arm-none-eabi/7.3.1/thumb/v7e-m/fpv4-sp/hard/crtbegin.o
                [!provide]                        PROVIDE (__fini_array_end = .)
                0x00000000080064c4                . = ALIGN (0x4)
                0x00000000080064c4                _sidata = LOADADDR (.data)

.data           0x0000000020000000       0x84 load address 0x00000000080064c4
                0x0000000020000000                . = ALIGN (0x4)
                0x0000000020000000                _sdata = .
 *(.data)
 *(.data*)
 .data.BMP280_CS_Ports
                0x0000000020000000        0x8 Core/Src/bmp280_config.o
                0x0000000020000000                BMP280_CS_Ports
 .data.BMP280_CS_Pins
                0x0000000020000008        0x4 Core/Src/bmp280_config.o
                0x0000000020000008                BMP280_CS_Pins
 .data.bmp280_1
                0x000000002000000c       0x34 Core/Src/bmp280_config.o
                0x000000002000000c                bmp280_1
 .data.LCD_DATA_Ports
                0x0000000020000040       0x10 Core/Src/lcd_config.o
                0x0000000020000040                LCD_DATA_Ports
 .data.LCD_DATA_Pins
                0x0000000020000050        0x8 Core/Src/lcd_config.o
                0x0000000020000050                LCD_DATA_Pins
 .data.hlcd1    0x0000000020000058       0x20 Core/Src/lcd_config.o
                0x0000000020000058                hlcd1
 .data.SystemCoreClock
                0x0000000020000078        0x4 Core/Src/system_stm32f7xx.o
                0x0000000020000078                SystemCoreClock
 .data.uwTickPrio
                0x000000002000007c        0x4 Drivers/STM32F7xx_HAL_Driver/Src/stm32f7xx_hal.o
                0x000000002000007c                uwTickPrio
 .data.uwTickFreq
                0x0000000020000080        0x1 Drivers/STM32F7xx_HAL_Driver/Src/stm32f7xx_hal.o
                0x0000000020000080                uwTickFreq
 *(.RamFunc)
 *(.RamFunc*)
                0x0000000020000084                . = ALIGN (0x4)
 *fill*         0x0000000020000081        0x3 
                0x0000000020000084                _edata = .

.igot.plt       0x0000000020000084        0x0 load address 0x0000000008006548
 .igot.plt      0x0000000020000084        0x0 c:/st/stm32cubeide_1.4.0/stm32cubeide/plugins/com.st.stm32cube.ide.mcu.externaltools.gnu-tools-for-stm32.7-2018-q2-update.win32_1.5.0.202011040924/tools/bin/../lib/gcc/arm-none-eabi/7.3.1/thumb/v7e-m/fpv4-sp/hard/crtbegin.o
                0x0000000020000084                . = ALIGN (0x4)

.bss            0x0000000020000084      0x250 load address 0x0000000008006548
                0x0000000020000084                _sbss = .
                0x0000000020000084                __bss_start__ = _sbss
 *(.bss)
 .bss           0x0000000020000084       0x1c c:/st/stm32cubeide_1.4.0/stm32cubeide/plugins/com.st.stm32cube.ide.mcu.externaltools.gnu-tools-for-stm32.7-2018-q2-update.win32_1.5.0.202011040924/tools/bin/../lib/gcc/arm-none-eabi/7.3.1/thumb/v7e-m/fpv4-sp/hard/crtbegin.o
 *(.bss*)
 *(COMMON)
 COMMON         0x00000000200000a0       0x4c Core/Src/i2c.o
                0x00000000200000a0                hi2c1
 COMMON         0x00000000200000ec       0x64 Core/Src/spi.o
                0x00000000200000ec                hspi4
 COMMON         0x0000000020000150      0x100 Core/Src/tim.o
                0x0000000020000150                htim4
                0x0000000020000190                htim5
                0x00000000200001d0                htim3
                0x0000000020000210                htim2
 COMMON         0x0000000020000250       0x80 Core/Src/usart.o
                0x0000000020000250                huart3
 COMMON         0x00000000200002d0        0x4 Drivers/STM32F7xx_HAL_Driver/Src/stm32f7xx_hal.o
                0x00000000200002d0                uwTick
                0x00000000200002d4                . = ALIGN (0x4)
                0x00000000200002d4                _ebss = .
                0x00000000200002d4                __bss_end__ = _ebss

._user_heap_stack
                0x00000000200002d4      0x604 load address 0x0000000008006548
                0x00000000200002d8                . = ALIGN (0x8)
 *fill*         0x00000000200002d4        0x4 
                [!provide]                        PROVIDE (end = .)
                0x00000000200002d8                PROVIDE (_end = .)
                0x00000000200004d8                . = (. + _Min_Heap_Size)
 *fill*         0x00000000200002d8      0x200 
                0x00000000200008d8                . = (. + _Min_Stack_Size)
 *fill*         0x00000000200004d8      0x400 
                0x00000000200008d8                . = ALIGN (0x8)

/DISCARD/
 libc.a(*)
 libm.a(*)
 libgcc.a(*)

.ARM.attributes
                0x0000000000000000       0x30
 *(.ARM.attributes)
 .ARM.attributes
                0x0000000000000000       0x22 c:/st/stm32cubeide_1.4.0/stm32cubeide/plugins/com.st.stm32cube.ide.mcu.externaltools.gnu-tools-for-stm32.7-2018-q2-update.win32_1.5.0.202011040924/tools/bin/../lib/gcc/arm-none-eabi/7.3.1/thumb/v7e-m/fpv4-sp/hard/crti.o
 .ARM.attributes
                0x0000000000000022       0x34 c:/st/stm32cubeide_1.4.0/stm32cubeide/plugins/com.st.stm32cube.ide.mcu.externaltools.gnu-tools-for-stm32.7-2018-q2-update.win32_1.5.0.202011040924/tools/bin/../lib/gcc/arm-none-eabi/7.3.1/thumb/v7e-m/fpv4-sp/hard/crtbegin.o
 .ARM.attributes
                0x0000000000000056       0x39 Core/Src/bmp280.o
 .ARM.attributes
                0x000000000000008f       0x39 Core/Src/bmp280_config.o
 .ARM.attributes
                0x00000000000000c8       0x39 Core/Src/gpio.o
 .ARM.attributes
                0x0000000000000101       0x39 Core/Src/i2c.o
 .ARM.attributes
                0x000000000000013a       0x39 Core/Src/lcd.o
 .ARM.attributes
                0x0000000000000173       0x39 Core/Src/lcd_config.o
 .ARM.attributes
                0x00000000000001ac       0x39 Core/Src/main.o
 .ARM.attributes
                0x00000000000001e5       0x39 Core/Src/spi.o
 .ARM.attributes
                0x000000000000021e       0x39 Core/Src/stm32f7xx_hal_msp.o
 .ARM.attributes
                0x0000000000000257       0x39 Core/Src/stm32f7xx_it.o
 .ARM.attributes
                0x0000000000000290       0x39 Core/Src/system_stm32f7xx.o
 .ARM.attributes
                0x00000000000002c9       0x39 Core/Src/tim.o
 .ARM.attributes
                0x0000000000000302       0x39 Core/Src/usart.o
 .ARM.attributes
                0x000000000000033b       0x21 Core/Startup/startup_stm32f746zgtx.o
 .ARM.attributes
                0x000000000000035c       0x39 Drivers/STM32F7xx_HAL_Driver/Src/stm32f7xx_hal.o
 .ARM.attributes
                0x0000000000000395       0x39 Drivers/STM32F7xx_HAL_Driver/Src/stm32f7xx_hal_cortex.o
 .ARM.attributes
                0x00000000000003ce       0x39 Drivers/STM32F7xx_HAL_Driver/Src/stm32f7xx_hal_dma.o
 .ARM.attributes
                0x0000000000000407       0x39 Drivers/STM32F7xx_HAL_Driver/Src/stm32f7xx_hal_gpio.o
 .ARM.attributes
                0x0000000000000440       0x39 Drivers/STM32F7xx_HAL_Driver/Src/stm32f7xx_hal_i2c.o
 .ARM.attributes
                0x0000000000000479       0x39 Drivers/STM32F7xx_HAL_Driver/Src/stm32f7xx_hal_i2c_ex.o
 .ARM.attributes
                0x00000000000004b2       0x39 Drivers/STM32F7xx_HAL_Driver/Src/stm32f7xx_hal_pwr.o
 .ARM.attributes
                0x00000000000004eb       0x39 Drivers/STM32F7xx_HAL_Driver/Src/stm32f7xx_hal_pwr_ex.o
 .ARM.attributes
                0x0000000000000524       0x39 Drivers/STM32F7xx_HAL_Driver/Src/stm32f7xx_hal_rcc.o
 .ARM.attributes
                0x000000000000055d       0x39 Drivers/STM32F7xx_HAL_Driver/Src/stm32f7xx_hal_rcc_ex.o
 .ARM.attributes
                0x0000000000000596       0x39 Drivers/STM32F7xx_HAL_Driver/Src/stm32f7xx_hal_spi.o
 .ARM.attributes
                0x00000000000005cf       0x39 Drivers/STM32F7xx_HAL_Driver/Src/stm32f7xx_hal_tim.o
 .ARM.attributes
                0x0000000000000608       0x39 Drivers/STM32F7xx_HAL_Driver/Src/stm32f7xx_hal_tim_ex.o
 .ARM.attributes
                0x0000000000000641       0x39 Drivers/STM32F7xx_HAL_Driver/Src/stm32f7xx_hal_uart.o
 .ARM.attributes
                0x000000000000067a       0x34 c:/st/stm32cubeide_1.4.0/stm32cubeide/plugins/com.st.stm32cube.ide.mcu.externaltools.gnu-tools-for-stm32.7-2018-q2-update.win32_1.5.0.202011040924/tools/bin/../lib/gcc/arm-none-eabi/7.3.1/../../../../arm-none-eabi/lib/thumb/v7e-m/fpv4-sp/hard\libc_nano.a(lib_a-init.o)
 .ARM.attributes
                0x00000000000006ae       0x34 c:/st/stm32cubeide_1.4.0/stm32cubeide/plugins/com.st.stm32cube.ide.mcu.externaltools.gnu-tools-for-stm32.7-2018-q2-update.win32_1.5.0.202011040924/tools/bin/../lib/gcc/arm-none-eabi/7.3.1/../../../../arm-none-eabi/lib/thumb/v7e-m/fpv4-sp/hard\libc_nano.a(lib_a-memset.o)
 .ARM.attributes
                0x00000000000006e2       0x1b c:/st/stm32cubeide_1.4.0/stm32cubeide/plugins/com.st.stm32cube.ide.mcu.externaltools.gnu-tools-for-stm32.7-2018-q2-update.win32_1.5.0.202011040924/tools/bin/../lib/gcc/arm-none-eabi/7.3.1/../../../../arm-none-eabi/lib/thumb/v7e-m/fpv4-sp/hard\libc_nano.a(lib_a-strlen.o)
 .ARM.attributes
                0x00000000000006fd       0x22 c:/st/stm32cubeide_1.4.0/stm32cubeide/plugins/com.st.stm32cube.ide.mcu.externaltools.gnu-tools-for-stm32.7-2018-q2-update.win32_1.5.0.202011040924/tools/bin/../lib/gcc/arm-none-eabi/7.3.1/thumb/v7e-m/fpv4-sp/hard\libgcc.a(_aeabi_uldivmod.o)
 .ARM.attributes
                0x000000000000071f       0x34 c:/st/stm32cubeide_1.4.0/stm32cubeide/plugins/com.st.stm32cube.ide.mcu.externaltools.gnu-tools-for-stm32.7-2018-q2-update.win32_1.5.0.202011040924/tools/bin/../lib/gcc/arm-none-eabi/7.3.1/thumb/v7e-m/fpv4-sp/hard\libgcc.a(_udivmoddi4.o)
 .ARM.attributes
                0x0000000000000753       0x22 c:/st/stm32cubeide_1.4.0/stm32cubeide/plugins/com.st.stm32cube.ide.mcu.externaltools.gnu-tools-for-stm32.7-2018-q2-update.win32_1.5.0.202011040924/tools/bin/../lib/gcc/arm-none-eabi/7.3.1/thumb/v7e-m/fpv4-sp/hard\libgcc.a(_dvmd_tls.o)
 .ARM.attributes
                0x0000000000000775       0x22 c:/st/stm32cubeide_1.4.0/stm32cubeide/plugins/com.st.stm32cube.ide.mcu.externaltools.gnu-tools-for-stm32.7-2018-q2-update.win32_1.5.0.202011040924/tools/bin/../lib/gcc/arm-none-eabi/7.3.1/thumb/v7e-m/fpv4-sp/hard/crtn.o
OUTPUT(ThermoregulationSystem.elf elf32-littlearm)

.debug_info     0x0000000000000000    0x18568
 .debug_info    0x0000000000000000      0xbaa Core/Src/bmp280.o
 .debug_info    0x0000000000000baa      0xba1 Core/Src/bmp280_config.o
 .debug_info    0x000000000000174b      0x7c7 Core/Src/gpio.o
 .debug_info    0x0000000000001f12      0xa37 Core/Src/i2c.o
 .debug_info    0x0000000000002949     0x137d Core/Src/lcd.o
 .debug_info    0x0000000000003cc6     0x1071 Core/Src/lcd_config.o
 .debug_info    0x0000000000004d37     0x20af Core/Src/main.o
 .debug_info    0x0000000000006de6      0xa02 Core/Src/spi.o
 .debug_info    0x00000000000077e8      0x389 Core/Src/stm32f7xx_hal_msp.o
 .debug_info    0x0000000000007b71      0xa3f Core/Src/stm32f7xx_it.o
 .debug_info    0x00000000000085b0      0x73d Core/Src/system_stm32f7xx.o
 .debug_info    0x0000000000008ced     0x1041 Core/Src/tim.o
 .debug_info    0x0000000000009d2e      0xccc Core/Src/usart.o
 .debug_info    0x000000000000a9fa       0x22 Core/Startup/startup_stm32f746zgtx.o
 .debug_info    0x000000000000aa1c      0x9d3 Drivers/STM32F7xx_HAL_Driver/Src/stm32f7xx_hal.o
 .debug_info    0x000000000000b3ef     0x104a Drivers/STM32F7xx_HAL_Driver/Src/stm32f7xx_hal_cortex.o
 .debug_info    0x000000000000c439      0x968 Drivers/STM32F7xx_HAL_Driver/Src/stm32f7xx_hal_dma.o
 .debug_info    0x000000000000cda1      0x7dc Drivers/STM32F7xx_HAL_Driver/Src/stm32f7xx_hal_gpio.o
 .debug_info    0x000000000000d57d     0x1fb9 Drivers/STM32F7xx_HAL_Driver/Src/stm32f7xx_hal_i2c.o
 .debug_info    0x000000000000f536      0x738 Drivers/STM32F7xx_HAL_Driver/Src/stm32f7xx_hal_i2c_ex.o
 .debug_info    0x000000000000fc6e      0x9b4 Drivers/STM32F7xx_HAL_Driver/Src/stm32f7xx_hal_pwr.o
 .debug_info    0x0000000000010622      0x96b Drivers/STM32F7xx_HAL_Driver/Src/stm32f7xx_hal_pwr_ex.o
 .debug_info    0x0000000000010f8d      0x935 Drivers/STM32F7xx_HAL_Driver/Src/stm32f7xx_hal_rcc.o
 .debug_info    0x00000000000118c2      0x7ad Drivers/STM32F7xx_HAL_Driver/Src/stm32f7xx_hal_rcc_ex.o
 .debug_info    0x000000000001206f     0x166a Drivers/STM32F7xx_HAL_Driver/Src/stm32f7xx_hal_spi.o
 .debug_info    0x00000000000136d9     0x25a2 Drivers/STM32F7xx_HAL_Driver/Src/stm32f7xx_hal_tim.o
 .debug_info    0x0000000000015c7b     0x121c Drivers/STM32F7xx_HAL_Driver/Src/stm32f7xx_hal_tim_ex.o
 .debug_info    0x0000000000016e97     0x16d1 Drivers/STM32F7xx_HAL_Driver/Src/stm32f7xx_hal_uart.o

.debug_abbrev   0x0000000000000000     0x3178
 .debug_abbrev  0x0000000000000000      0x1b8 Core/Src/bmp280.o
 .debug_abbrev  0x00000000000001b8      0x1cc Core/Src/bmp280_config.o
 .debug_abbrev  0x0000000000000384      0x13d Core/Src/gpio.o
 .debug_abbrev  0x00000000000004c1      0x1a4 Core/Src/i2c.o
 .debug_abbrev  0x0000000000000665      0x235 Core/Src/lcd.o
 .debug_abbrev  0x000000000000089a      0x1b5 Core/Src/lcd_config.o
 .debug_abbrev  0x0000000000000a4f      0x242 Core/Src/main.o
 .debug_abbrev  0x0000000000000c91      0x199 Core/Src/spi.o
 .debug_abbrev  0x0000000000000e2a      0x109 Core/Src/stm32f7xx_hal_msp.o
 .debug_abbrev  0x0000000000000f33      0x15a Core/Src/stm32f7xx_it.o
 .debug_abbrev  0x000000000000108d      0x147 Core/Src/system_stm32f7xx.o
 .debug_abbrev  0x00000000000011d4      0x1eb Core/Src/tim.o
 .debug_abbrev  0x00000000000013bf      0x1a2 Core/Src/usart.o
 .debug_abbrev  0x0000000000001561       0x12 Core/Startup/startup_stm32f746zgtx.o
 .debug_abbrev  0x0000000000001573      0x1c7 Drivers/STM32F7xx_HAL_Driver/Src/stm32f7xx_hal.o
 .debug_abbrev  0x000000000000173a      0x2fa Drivers/STM32F7xx_HAL_Driver/Src/stm32f7xx_hal_cortex.o
 .debug_abbrev  0x0000000000001a34      0x229 Drivers/STM32F7xx_HAL_Driver/Src/stm32f7xx_hal_dma.o
 .debug_abbrev  0x0000000000001c5d      0x1c9 Drivers/STM32F7xx_HAL_Driver/Src/stm32f7xx_hal_gpio.o
 .debug_abbrev  0x0000000000001e26      0x22a Drivers/STM32F7xx_HAL_Driver/Src/stm32f7xx_hal_i2c.o
 .debug_abbrev  0x0000000000002050      0x178 Drivers/STM32F7xx_HAL_Driver/Src/stm32f7xx_hal_i2c_ex.o
 .debug_abbrev  0x00000000000021c8      0x1b6 Drivers/STM32F7xx_HAL_Driver/Src/stm32f7xx_hal_pwr.o
 .debug_abbrev  0x000000000000237e      0x1b8 Drivers/STM32F7xx_HAL_Driver/Src/stm32f7xx_hal_pwr_ex.o
 .debug_abbrev  0x0000000000002536      0x21a Drivers/STM32F7xx_HAL_Driver/Src/stm32f7xx_hal_rcc.o
 .debug_abbrev  0x0000000000002750      0x1ad Drivers/STM32F7xx_HAL_Driver/Src/stm32f7xx_hal_rcc_ex.o
 .debug_abbrev  0x00000000000028fd      0x228 Drivers/STM32F7xx_HAL_Driver/Src/stm32f7xx_hal_spi.o
 .debug_abbrev  0x0000000000002b25      0x230 Drivers/STM32F7xx_HAL_Driver/Src/stm32f7xx_hal_tim.o
 .debug_abbrev  0x0000000000002d55      0x21e Drivers/STM32F7xx_HAL_Driver/Src/stm32f7xx_hal_tim_ex.o
 .debug_abbrev  0x0000000000002f73      0x205 Drivers/STM32F7xx_HAL_Driver/Src/stm32f7xx_hal_uart.o

.debug_aranges  0x0000000000000000     0x1460
 .debug_aranges
                0x0000000000000000       0xc0 Core/Src/bmp280.o
 .debug_aranges
                0x00000000000000c0       0x30 Core/Src/bmp280_config.o
 .debug_aranges
                0x00000000000000f0       0x20 Core/Src/gpio.o
 .debug_aranges
                0x0000000000000110       0x30 Core/Src/i2c.o
 .debug_aranges
                0x0000000000000140       0x78 Core/Src/lcd.o
 .debug_aranges
                0x00000000000001b8       0x18 Core/Src/lcd_config.o
 .debug_aranges
                0x00000000000001d0       0x38 Core/Src/main.o
 .debug_aranges
                0x0000000000000208       0x30 Core/Src/spi.o
 .debug_aranges
                0x0000000000000238       0x20 Core/Src/stm32f7xx_hal_msp.o
 .debug_aranges
                0x0000000000000258       0x80 Core/Src/stm32f7xx_it.o
 .debug_aranges
                0x00000000000002d8       0x28 Core/Src/system_stm32f7xx.o
 .debug_aranges
                0x0000000000000300       0x60 Core/Src/tim.o
 .debug_aranges
                0x0000000000000360       0x30 Core/Src/usart.o
 .debug_aranges
                0x0000000000000390       0x28 Core/Startup/startup_stm32f746zgtx.o
 .debug_aranges
                0x00000000000003b8      0x100 Drivers/STM32F7xx_HAL_Driver/Src/stm32f7xx_hal.o
 .debug_aranges
                0x00000000000004b8      0x118 Drivers/STM32F7xx_HAL_Driver/Src/stm32f7xx_hal_cortex.o
 .debug_aranges
                0x00000000000005d0       0x90 Drivers/STM32F7xx_HAL_Driver/Src/stm32f7xx_hal_dma.o
 .debug_aranges
                0x0000000000000660       0x58 Drivers/STM32F7xx_HAL_Driver/Src/stm32f7xx_hal_gpio.o
 .debug_aranges
                0x00000000000006b8      0x288 Drivers/STM32F7xx_HAL_Driver/Src/stm32f7xx_hal_i2c.o
 .debug_aranges
                0x0000000000000940       0x28 Drivers/STM32F7xx_HAL_Driver/Src/stm32f7xx_hal_i2c_ex.o
 .debug_aranges
                0x0000000000000968       0xa0 Drivers/STM32F7xx_HAL_Driver/Src/stm32f7xx_hal_pwr.o
 .debug_aranges
                0x0000000000000a08       0x80 Drivers/STM32F7xx_HAL_Driver/Src/stm32f7xx_hal_pwr_ex.o
 .debug_aranges
                0x0000000000000a88       0x88 Drivers/STM32F7xx_HAL_Driver/Src/stm32f7xx_hal_rcc.o
 .debug_aranges
                0x0000000000000b10       0x50 Drivers/STM32F7xx_HAL_Driver/Src/stm32f7xx_hal_rcc_ex.o
 .debug_aranges
                0x0000000000000b60      0x1d8 Drivers/STM32F7xx_HAL_Driver/Src/stm32f7xx_hal_spi.o
 .debug_aranges
                0x0000000000000d38      0x3b8 Drivers/STM32F7xx_HAL_Driver/Src/stm32f7xx_hal_tim.o
 .debug_aranges
                0x00000000000010f0      0x160 Drivers/STM32F7xx_HAL_Driver/Src/stm32f7xx_hal_tim_ex.o
 .debug_aranges
                0x0000000000001250      0x210 Drivers/STM32F7xx_HAL_Driver/Src/stm32f7xx_hal_uart.o

.debug_ranges   0x0000000000000000     0x12a0
 .debug_ranges  0x0000000000000000       0xb0 Core/Src/bmp280.o
 .debug_ranges  0x00000000000000b0       0x20 Core/Src/bmp280_config.o
 .debug_ranges  0x00000000000000d0       0x10 Core/Src/gpio.o
 .debug_ranges  0x00000000000000e0       0x20 Core/Src/i2c.o
 .debug_ranges  0x0000000000000100       0x68 Core/Src/lcd.o
 .debug_ranges  0x0000000000000168       0x28 Core/Src/main.o
 .debug_ranges  0x0000000000000190       0x20 Core/Src/spi.o
 .debug_ranges  0x00000000000001b0       0x10 Core/Src/stm32f7xx_hal_msp.o
 .debug_ranges  0x00000000000001c0       0x70 Core/Src/stm32f7xx_it.o
 .debug_ranges  0x0000000000000230       0x18 Core/Src/system_stm32f7xx.o
 .debug_ranges  0x0000000000000248       0x50 Core/Src/tim.o
 .debug_ranges  0x0000000000000298       0x20 Core/Src/usart.o
 .debug_ranges  0x00000000000002b8       0x20 Core/Startup/startup_stm32f746zgtx.o
 .debug_ranges  0x00000000000002d8       0xf0 Drivers/STM32F7xx_HAL_Driver/Src/stm32f7xx_hal.o
 .debug_ranges  0x00000000000003c8      0x108 Drivers/STM32F7xx_HAL_Driver/Src/stm32f7xx_hal_cortex.o
 .debug_ranges  0x00000000000004d0       0x80 Drivers/STM32F7xx_HAL_Driver/Src/stm32f7xx_hal_dma.o
 .debug_ranges  0x0000000000000550       0x48 Drivers/STM32F7xx_HAL_Driver/Src/stm32f7xx_hal_gpio.o
 .debug_ranges  0x0000000000000598      0x278 Drivers/STM32F7xx_HAL_Driver/Src/stm32f7xx_hal_i2c.o
 .debug_ranges  0x0000000000000810       0x18 Drivers/STM32F7xx_HAL_Driver/Src/stm32f7xx_hal_i2c_ex.o
 .debug_ranges  0x0000000000000828       0x90 Drivers/STM32F7xx_HAL_Driver/Src/stm32f7xx_hal_pwr.o
 .debug_ranges  0x00000000000008b8       0x70 Drivers/STM32F7xx_HAL_Driver/Src/stm32f7xx_hal_pwr_ex.o
 .debug_ranges  0x0000000000000928       0x78 Drivers/STM32F7xx_HAL_Driver/Src/stm32f7xx_hal_rcc.o
 .debug_ranges  0x00000000000009a0       0x40 Drivers/STM32F7xx_HAL_Driver/Src/stm32f7xx_hal_rcc_ex.o
 .debug_ranges  0x00000000000009e0      0x1c8 Drivers/STM32F7xx_HAL_Driver/Src/stm32f7xx_hal_spi.o
 .debug_ranges  0x0000000000000ba8      0x3a8 Drivers/STM32F7xx_HAL_Driver/Src/stm32f7xx_hal_tim.o
 .debug_ranges  0x0000000000000f50      0x150 Drivers/STM32F7xx_HAL_Driver/Src/stm32f7xx_hal_tim_ex.o
 .debug_ranges  0x00000000000010a0      0x200 Drivers/STM32F7xx_HAL_Driver/Src/stm32f7xx_hal_uart.o

.debug_macro    0x0000000000000000    0x28981
 .debug_macro   0x0000000000000000       0x85 Core/Src/bmp280.o
 .debug_macro   0x0000000000000085      0xa5a Core/Src/bmp280.o
 .debug_macro   0x0000000000000adf       0x22 Core/Src/bmp280.o
 .debug_macro   0x0000000000000b01       0x8e Core/Src/bmp280.o
 .debug_macro   0x0000000000000b8f       0x51 Core/Src/bmp280.o
 .debug_macro   0x0000000000000be0       0xef Core/Src/bmp280.o
 .debug_macro   0x0000000000000ccf       0x6a Core/Src/bmp280.o
 .debug_macro   0x0000000000000d39      0x1df Core/Src/bmp280.o
 .debug_macro   0x0000000000000f18      0x174 Core/Src/bmp280.o
 .debug_macro   0x000000000000108c      0x4a5 Core/Src/bmp280.o
 .debug_macro   0x0000000000001531      0x249 Core/Src/bmp280_config.o
 .debug_macro   0x000000000000177a       0x3a Core/Src/bmp280_config.o
 .debug_macro   0x00000000000017b4      0x299 Core/Src/bmp280_config.o
 .debug_macro   0x0000000000001a4d       0x2e Core/Src/bmp280_config.o
 .debug_macro   0x0000000000001a7b       0x3b Core/Src/bmp280_config.o
 .debug_macro   0x0000000000001ab6       0x1c Core/Src/bmp280_config.o
 .debug_macro   0x0000000000001ad2       0x22 Core/Src/bmp280_config.o
 .debug_macro   0x0000000000001af4       0xdf Core/Src/bmp280_config.o
 .debug_macro   0x0000000000001bd3     0x12cd Core/Src/bmp280_config.o
 .debug_macro   0x0000000000002ea0      0x11f Core/Src/bmp280_config.o
 .debug_macro   0x0000000000002fbf       0x19 Core/Src/bmp280_config.o
 .debug_macro   0x0000000000002fd8    0x190f0 Core/Src/bmp280_config.o
 .debug_macro   0x000000000001c0c8       0x43 Core/Src/bmp280_config.o
 .debug_macro   0x000000000001c10b     0x36b4 Core/Src/bmp280_config.o
 .debug_macro   0x000000000001f7bf       0x61 Core/Src/bmp280_config.o
 .debug_macro   0x000000000001f820     0x18ad Core/Src/bmp280_config.o
 .debug_macro   0x00000000000210cd      0x6c4 Core/Src/bmp280_config.o
 .debug_macro   0x0000000000021791      0x185 Core/Src/bmp280_config.o
 .debug_macro   0x0000000000021916      0x117 Core/Src/bmp280_config.o
 .debug_macro   0x0000000000021a2d      0x1fe Core/Src/bmp280_config.o
 .debug_macro   0x0000000000021c2b       0x27 Core/Src/bmp280_config.o
 .debug_macro   0x0000000000021c52      0x24f Core/Src/bmp280_config.o
 .debug_macro   0x0000000000021ea1       0x41 Core/Src/bmp280_config.o
 .debug_macro   0x0000000000021ee2       0x58 Core/Src/bmp280_config.o
 .debug_macro   0x0000000000021f3a      0x236 Core/Src/bmp280_config.o
 .debug_macro   0x0000000000022170      0x14f Core/Src/bmp280_config.o
 .debug_macro   0x00000000000222bf      0x25b Core/Src/bmp280_config.o
 .debug_macro   0x000000000002251a       0x12 Core/Src/bmp280_config.o
 .debug_macro   0x000000000002252c      0x22c Core/Src/bmp280_config.o
 .debug_macro   0x0000000000022758       0x5a Core/Src/bmp280_config.o
 .debug_macro   0x00000000000227b2       0xa5 Core/Src/bmp280_config.o
 .debug_macro   0x0000000000022857      0x12f Core/Src/bmp280_config.o
 .debug_macro   0x0000000000022986      0x108 Core/Src/bmp280_config.o
 .debug_macro   0x0000000000022a8e       0x35 Core/Src/bmp280_config.o
 .debug_macro   0x0000000000022ac3      0x2fe Core/Src/bmp280_config.o
 .debug_macro   0x0000000000022dc1      0xa2f Core/Src/bmp280_config.o
 .debug_macro   0x00000000000237f0       0x59 Core/Src/bmp280_config.o
 .debug_macro   0x0000000000023849      0x53c Core/Src/bmp280_config.o
 .debug_macro   0x0000000000023d85       0x44 Core/Src/bmp280_config.o
 .debug_macro   0x0000000000023dc9      0x14e Core/Src/bmp280_config.o
 .debug_macro   0x0000000000023f17      0x2d8 Core/Src/bmp280_config.o
 .debug_macro   0x00000000000241ef      0x211 Core/Src/gpio.o
 .debug_macro   0x0000000000024400      0x211 Core/Src/i2c.o
 .debug_macro   0x0000000000024611      0x3a7 Core/Src/lcd.o
 .debug_macro   0x00000000000249b8       0x1c Core/Src/lcd.o
 .debug_macro   0x00000000000249d4       0x46 Core/Src/lcd.o
 .debug_macro   0x0000000000024a1a       0x18 Core/Src/lcd.o
 .debug_macro   0x0000000000024a32       0x3c Core/Src/lcd.o
 .debug_macro   0x0000000000024a6e       0x34 Core/Src/lcd.o
 .debug_macro   0x0000000000024aa2       0x52 Core/Src/lcd.o
 .debug_macro   0x0000000000024af4       0x1f Core/Src/lcd.o
 .debug_macro   0x0000000000024b13       0x43 Core/Src/lcd.o
 .debug_macro   0x0000000000024b56       0x20 Core/Src/lcd.o
 .debug_macro   0x0000000000024b76      0x1a3 Core/Src/lcd.o
 .debug_macro   0x0000000000024d19      0x32a Core/Src/lcd.o
 .debug_macro   0x0000000000025043       0x10 Core/Src/lcd.o
 .debug_macro   0x0000000000025053       0x35 Core/Src/lcd.o
 .debug_macro   0x0000000000025088       0x20 Core/Src/lcd.o
 .debug_macro   0x00000000000250a8       0x1c Core/Src/lcd.o
 .debug_macro   0x00000000000250c4       0x10 Core/Src/lcd.o
 .debug_macro   0x00000000000250d4       0x10 Core/Src/lcd.o
 .debug_macro   0x00000000000250e4       0x1c Core/Src/lcd.o
 .debug_macro   0x0000000000025100       0x52 Core/Src/lcd.o
 .debug_macro   0x0000000000025152       0x40 Core/Src/lcd.o
 .debug_macro   0x0000000000025192       0x10 Core/Src/lcd.o
 .debug_macro   0x00000000000251a2       0x40 Core/Src/lcd.o
 .debug_macro   0x00000000000251e2       0xd7 Core/Src/lcd.o
 .debug_macro   0x00000000000252b9       0x1c Core/Src/lcd.o
 .debug_macro   0x00000000000252d5       0x3d Core/Src/lcd.o
 .debug_macro   0x0000000000025312       0x16 Core/Src/lcd.o
 .debug_macro   0x0000000000025328      0x145 Core/Src/lcd.o
 .debug_macro   0x000000000002546d       0x4c Core/Src/lcd.o
 .debug_macro   0x00000000000254b9       0x9a Core/Src/lcd.o
 .debug_macro   0x0000000000025553      0x3ba Core/Src/lcd_config.o
 .debug_macro   0x000000000002590d      0x2de Core/Src/lcd_config.o
 .debug_macro   0x0000000000025beb      0x418 Core/Src/main.o
 .debug_macro   0x0000000000026003      0x211 Core/Src/spi.o
 .debug_macro   0x0000000000026214      0x207 Core/Src/stm32f7xx_hal_msp.o
 .debug_macro   0x000000000002641b      0x211 Core/Src/stm32f7xx_it.o
 .debug_macro   0x000000000002662c      0x1fe Core/Src/system_stm32f7xx.o
 .debug_macro   0x000000000002682a      0x211 Core/Src/tim.o
 .debug_macro   0x0000000000026a3b      0x211 Core/Src/usart.o
 .debug_macro   0x0000000000026c4c      0x21c Drivers/STM32F7xx_HAL_Driver/Src/stm32f7xx_hal.o
 .debug_macro   0x0000000000026e68      0x1f8 Drivers/STM32F7xx_HAL_Driver/Src/stm32f7xx_hal_cortex.o
 .debug_macro   0x0000000000027060      0x1fe Drivers/STM32F7xx_HAL_Driver/Src/stm32f7xx_hal_dma.o
 .debug_macro   0x000000000002725e      0x22e Drivers/STM32F7xx_HAL_Driver/Src/stm32f7xx_hal_gpio.o
 .debug_macro   0x000000000002748c      0x2bd Drivers/STM32F7xx_HAL_Driver/Src/stm32f7xx_hal_i2c.o
 .debug_macro   0x0000000000027749      0x1f8 Drivers/STM32F7xx_HAL_Driver/Src/stm32f7xx_hal_i2c_ex.o
 .debug_macro   0x0000000000027941      0x216 Drivers/STM32F7xx_HAL_Driver/Src/stm32f7xx_hal_pwr.o
 .debug_macro   0x0000000000027b57      0x210 Drivers/STM32F7xx_HAL_Driver/Src/stm32f7xx_hal_pwr_ex.o
 .debug_macro   0x0000000000027d67      0x21c Drivers/STM32F7xx_HAL_Driver/Src/stm32f7xx_hal_rcc.o
 .debug_macro   0x0000000000027f83      0x1f8 Drivers/STM32F7xx_HAL_Driver/Src/stm32f7xx_hal_rcc_ex.o
 .debug_macro   0x000000000002817b      0x200 Drivers/STM32F7xx_HAL_Driver/Src/stm32f7xx_hal_spi.o
 .debug_macro   0x000000000002837b      0x1f9 Drivers/STM32F7xx_HAL_Driver/Src/stm32f7xx_hal_tim.o
 .debug_macro   0x0000000000028574      0x1f8 Drivers/STM32F7xx_HAL_Driver/Src/stm32f7xx_hal_tim_ex.o
 .debug_macro   0x000000000002876c      0x215 Drivers/STM32F7xx_HAL_Driver/Src/stm32f7xx_hal_uart.o

.debug_line     0x0000000000000000    0x12295
 .debug_line    0x0000000000000000      0x732 Core/Src/bmp280.o
 .debug_line    0x0000000000000732      0x7d5 Core/Src/bmp280_config.o
 .debug_line    0x0000000000000f07      0x791 Core/Src/gpio.o
 .debug_line    0x0000000000001698      0x753 Core/Src/i2c.o
 .debug_line    0x0000000000001deb      0xa4e Core/Src/lcd.o
 .debug_line    0x0000000000002839      0x92c Core/Src/lcd_config.o
 .debug_line    0x0000000000003165      0xa02 Core/Src/main.o
 .debug_line    0x0000000000003b67      0x753 Core/Src/spi.o
 .debug_line    0x00000000000042ba      0x71d Core/Src/stm32f7xx_hal_msp.o
 .debug_line    0x00000000000049d7      0x80c Core/Src/stm32f7xx_it.o
 .debug_line    0x00000000000051e3      0x736 Core/Src/system_stm32f7xx.o
 .debug_line    0x0000000000005919      0x83a Core/Src/tim.o
 .debug_line    0x0000000000006153      0x756 Core/Src/usart.o
 .debug_line    0x00000000000068a9       0x85 Core/Startup/startup_stm32f746zgtx.o
 .debug_line    0x000000000000692e      0x945 Drivers/STM32F7xx_HAL_Driver/Src/stm32f7xx_hal.o
 .debug_line    0x0000000000007273      0xa46 Drivers/STM32F7xx_HAL_Driver/Src/stm32f7xx_hal_cortex.o
 .debug_line    0x0000000000007cb9      0x9f1 Drivers/STM32F7xx_HAL_Driver/Src/stm32f7xx_hal_dma.o
 .debug_line    0x00000000000086aa      0x92a Drivers/STM32F7xx_HAL_Driver/Src/stm32f7xx_hal_gpio.o
 .debug_line    0x0000000000008fd4     0x1aa1 Drivers/STM32F7xx_HAL_Driver/Src/stm32f7xx_hal_i2c.o
 .debug_line    0x000000000000aa75      0x7b5 Drivers/STM32F7xx_HAL_Driver/Src/stm32f7xx_hal_i2c_ex.o
 .debug_line    0x000000000000b22a      0x88a Drivers/STM32F7xx_HAL_Driver/Src/stm32f7xx_hal_pwr.o
 .debug_line    0x000000000000bab4      0x866 Drivers/STM32F7xx_HAL_Driver/Src/stm32f7xx_hal_pwr_ex.o
 .debug_line    0x000000000000c31a      0x9bb Drivers/STM32F7xx_HAL_Driver/Src/stm32f7xx_hal_rcc.o
 .debug_line    0x000000000000ccd5      0x92d Drivers/STM32F7xx_HAL_Driver/Src/stm32f7xx_hal_rcc_ex.o
 .debug_line    0x000000000000d602     0x1198 Drivers/STM32F7xx_HAL_Driver/Src/stm32f7xx_hal_spi.o
 .debug_line    0x000000000000e79a     0x1a62 Drivers/STM32F7xx_HAL_Driver/Src/stm32f7xx_hal_tim.o
 .debug_line    0x00000000000101fc      0xdcd Drivers/STM32F7xx_HAL_Driver/Src/stm32f7xx_hal_tim_ex.o
 .debug_line    0x0000000000010fc9     0x12cc Drivers/STM32F7xx_HAL_Driver/Src/stm32f7xx_hal_uart.o

.debug_str      0x0000000000000000    0xf4395
 .debug_str     0x0000000000000000     0x59b1 Core/Src/bmp280.o
                                       0x5c36 (size before relaxing)
 .debug_str     0x00000000000059b1    0xe4cfe Core/Src/bmp280_config.o
                                      0xeab7e (size before relaxing)
 .debug_str     0x00000000000ea6af      0x6ed Core/Src/gpio.o
                                      0xe9293 (size before relaxing)
 .debug_str     0x00000000000ead9c      0x285 Core/Src/i2c.o
                                      0xe921e (size before relaxing)
 .debug_str     0x00000000000eb021     0x475b Core/Src/lcd.o
                                      0xecb5a (size before relaxing)
 .debug_str     0x00000000000ef77c       0x70 Core/Src/lcd_config.o
                                      0xed50c (size before relaxing)
 .debug_str     0x00000000000ef7ec      0x53e Core/Src/main.o
                                      0xefb67 (size before relaxing)
 .debug_str     0x00000000000efd2a       0x4b Core/Src/spi.o
                                      0xe9168 (size before relaxing)
 .debug_str     0x00000000000efd75       0x2c Core/Src/stm32f7xx_hal_msp.o
                                      0xe8c55 (size before relaxing)
 .debug_str     0x00000000000efda1      0x107 Core/Src/stm32f7xx_it.o
                                      0xe926e (size before relaxing)
 .debug_str     0x00000000000efea8      0x18d Core/Src/system_stm32f7xx.o
                                      0xe82a5 (size before relaxing)
 .debug_str     0x00000000000f0035      0x286 Core/Src/tim.o
                                      0xe9982 (size before relaxing)
 .debug_str     0x00000000000f02bb       0x57 Core/Src/usart.o
                                      0xe96ff (size before relaxing)
 .debug_str     0x00000000000f0312       0x36 Core/Startup/startup_stm32f746zgtx.o
                                         0x7b (size before relaxing)
 .debug_str     0x00000000000f0348      0x37a Drivers/STM32F7xx_HAL_Driver/Src/stm32f7xx_hal.o
                                      0xe8b57 (size before relaxing)
 .debug_str     0x00000000000f06c2      0x38f Drivers/STM32F7xx_HAL_Driver/Src/stm32f7xx_hal_cortex.o
                                      0xe8bfe (size before relaxing)
 .debug_str     0x00000000000f0a51      0x323 Drivers/STM32F7xx_HAL_Driver/Src/stm32f7xx_hal_dma.o
                                      0xe85df (size before relaxing)
 .debug_str     0x00000000000f0d74      0x244 Drivers/STM32F7xx_HAL_Driver/Src/stm32f7xx_hal_gpio.o
                                      0xe847b (size before relaxing)
 .debug_str     0x00000000000f0fb8      0xd04 Drivers/STM32F7xx_HAL_Driver/Src/stm32f7xx_hal_i2c.o
                                      0xe9393 (size before relaxing)
 .debug_str     0x00000000000f1cbc       0x3b Drivers/STM32F7xx_HAL_Driver/Src/stm32f7xx_hal_i2c_ex.o
                                      0xe85cf (size before relaxing)
 .debug_str     0x00000000000f1cf7      0x2c5 Drivers/STM32F7xx_HAL_Driver/Src/stm32f7xx_hal_pwr.o
                                      0xe855d (size before relaxing)
 .debug_str     0x00000000000f1fbc      0x1bd Drivers/STM32F7xx_HAL_Driver/Src/stm32f7xx_hal_pwr_ex.o
                                      0xe851f (size before relaxing)
 .debug_str     0x00000000000f2179      0x26d Drivers/STM32F7xx_HAL_Driver/Src/stm32f7xx_hal_rcc.o
                                      0xe85c0 (size before relaxing)
 .debug_str     0x00000000000f23e6      0x161 Drivers/STM32F7xx_HAL_Driver/Src/stm32f7xx_hal_rcc_ex.o
                                      0xe854a (size before relaxing)
 .debug_str     0x00000000000f2547      0x55c Drivers/STM32F7xx_HAL_Driver/Src/stm32f7xx_hal_spi.o
                                      0xe8a5f (size before relaxing)
 .debug_str     0x00000000000f2aa3      0xc18 Drivers/STM32F7xx_HAL_Driver/Src/stm32f7xx_hal_tim.o
                                      0xe9331 (size before relaxing)
 .debug_str     0x00000000000f36bb      0x504 Drivers/STM32F7xx_HAL_Driver/Src/stm32f7xx_hal_tim_ex.o
                                      0xe8b84 (size before relaxing)
 .debug_str     0x00000000000f3bbf      0x7d6 Drivers/STM32F7xx_HAL_Driver/Src/stm32f7xx_hal_uart.o
                                      0xe8e04 (size before relaxing)

.comment        0x0000000000000000       0x7b
 .comment       0x0000000000000000       0x7b Core/Src/bmp280.o
                                         0x7c (size before relaxing)
 .comment       0x000000000000007b       0x7c Core/Src/bmp280_config.o
 .comment       0x000000000000007b       0x7c Core/Src/gpio.o
 .comment       0x000000000000007b       0x7c Core/Src/i2c.o
 .comment       0x000000000000007b       0x7c Core/Src/lcd.o
 .comment       0x000000000000007b       0x7c Core/Src/lcd_config.o
 .comment       0x000000000000007b       0x7c Core/Src/main.o
 .comment       0x000000000000007b       0x7c Core/Src/spi.o
 .comment       0x000000000000007b       0x7c Core/Src/stm32f7xx_hal_msp.o
 .comment       0x000000000000007b       0x7c Core/Src/stm32f7xx_it.o
 .comment       0x000000000000007b       0x7c Core/Src/system_stm32f7xx.o
 .comment       0x000000000000007b       0x7c Core/Src/tim.o
 .comment       0x000000000000007b       0x7c Core/Src/usart.o
 .comment       0x000000000000007b       0x7c Drivers/STM32F7xx_HAL_Driver/Src/stm32f7xx_hal.o
 .comment       0x000000000000007b       0x7c Drivers/STM32F7xx_HAL_Driver/Src/stm32f7xx_hal_cortex.o
 .comment       0x000000000000007b       0x7c Drivers/STM32F7xx_HAL_Driver/Src/stm32f7xx_hal_dma.o
 .comment       0x000000000000007b       0x7c Drivers/STM32F7xx_HAL_Driver/Src/stm32f7xx_hal_gpio.o
 .comment       0x000000000000007b       0x7c Drivers/STM32F7xx_HAL_Driver/Src/stm32f7xx_hal_i2c.o
 .comment       0x000000000000007b       0x7c Drivers/STM32F7xx_HAL_Driver/Src/stm32f7xx_hal_i2c_ex.o
 .comment       0x000000000000007b       0x7c Drivers/STM32F7xx_HAL_Driver/Src/stm32f7xx_hal_pwr.o
 .comment       0x000000000000007b       0x7c Drivers/STM32F7xx_HAL_Driver/Src/stm32f7xx_hal_pwr_ex.o
 .comment       0x000000000000007b       0x7c Drivers/STM32F7xx_HAL_Driver/Src/stm32f7xx_hal_rcc.o
 .comment       0x000000000000007b       0x7c Drivers/STM32F7xx_HAL_Driver/Src/stm32f7xx_hal_rcc_ex.o
 .comment       0x000000000000007b       0x7c Drivers/STM32F7xx_HAL_Driver/Src/stm32f7xx_hal_spi.o
 .comment       0x000000000000007b       0x7c Drivers/STM32F7xx_HAL_Driver/Src/stm32f7xx_hal_tim.o
 .comment       0x000000000000007b       0x7c Drivers/STM32F7xx_HAL_Driver/Src/stm32f7xx_hal_tim_ex.o
 .comment       0x000000000000007b       0x7c Drivers/STM32F7xx_HAL_Driver/Src/stm32f7xx_hal_uart.o

.debug_frame    0x0000000000000000     0x541c
 .debug_frame   0x0000000000000000      0x338 Core/Src/bmp280.o
 .debug_frame   0x0000000000000338       0x80 Core/Src/bmp280_config.o
 .debug_frame   0x00000000000003b8       0x38 Core/Src/gpio.o
 .debug_frame   0x00000000000003f0       0x74 Core/Src/i2c.o
 .debug_frame   0x0000000000000464      0x1d8 Core/Src/lcd.o
 .debug_frame   0x000000000000063c       0xa0 Core/Src/main.o
 .debug_frame   0x00000000000006dc       0x74 Core/Src/spi.o
 .debug_frame   0x0000000000000750       0x38 Core/Src/stm32f7xx_hal_msp.o
 .debug_frame   0x0000000000000788      0x17c Core/Src/stm32f7xx_it.o
 .debug_frame   0x0000000000000904       0x58 Core/Src/system_stm32f7xx.o
 .debug_frame   0x000000000000095c      0x154 Core/Src/tim.o
 .debug_frame   0x0000000000000ab0       0x74 Core/Src/usart.o
 .debug_frame   0x0000000000000b24      0x3b4 Drivers/STM32F7xx_HAL_Driver/Src/stm32f7xx_hal.o
 .debug_frame   0x0000000000000ed8      0x498 Drivers/STM32F7xx_HAL_Driver/Src/stm32f7xx_hal_cortex.o
 .debug_frame   0x0000000000001370      0x250 Drivers/STM32F7xx_HAL_Driver/Src/stm32f7xx_hal_dma.o
 .debug_frame   0x00000000000015c0      0x14c Drivers/STM32F7xx_HAL_Driver/Src/stm32f7xx_hal_gpio.o
 .debug_frame   0x000000000000170c      0xbbc Drivers/STM32F7xx_HAL_Driver/Src/stm32f7xx_hal_i2c.o
 .debug_frame   0x00000000000022c8       0x60 Drivers/STM32F7xx_HAL_Driver/Src/stm32f7xx_hal_i2c_ex.o
 .debug_frame   0x0000000000002328      0x254 Drivers/STM32F7xx_HAL_Driver/Src/stm32f7xx_hal_pwr.o
 .debug_frame   0x000000000000257c      0x1c8 Drivers/STM32F7xx_HAL_Driver/Src/stm32f7xx_hal_pwr_ex.o
 .debug_frame   0x0000000000002744      0x1f4 Drivers/STM32F7xx_HAL_Driver/Src/stm32f7xx_hal_rcc.o
 .debug_frame   0x0000000000002938      0x118 Drivers/STM32F7xx_HAL_Driver/Src/stm32f7xx_hal_rcc_ex.o
 .debug_frame   0x0000000000002a50      0x860 Drivers/STM32F7xx_HAL_Driver/Src/stm32f7xx_hal_spi.o
 .debug_frame   0x00000000000032b0     0x1144 Drivers/STM32F7xx_HAL_Driver/Src/stm32f7xx_hal_tim.o
 .debug_frame   0x00000000000043f4      0x610 Drivers/STM32F7xx_HAL_Driver/Src/stm32f7xx_hal_tim_ex.o
 .debug_frame   0x0000000000004a04      0x96c Drivers/STM32F7xx_HAL_Driver/Src/stm32f7xx_hal_uart.o
 .debug_frame   0x0000000000005370       0x2c c:/st/stm32cubeide_1.4.0/stm32cubeide/plugins/com.st.stm32cube.ide.mcu.externaltools.gnu-tools-for-stm32.7-2018-q2-update.win32_1.5.0.202011040924/tools/bin/../lib/gcc/arm-none-eabi/7.3.1/../../../../arm-none-eabi/lib/thumb/v7e-m/fpv4-sp/hard\libc_nano.a(lib_a-init.o)
 .debug_frame   0x000000000000539c       0x20 c:/st/stm32cubeide_1.4.0/stm32cubeide/plugins/com.st.stm32cube.ide.mcu.externaltools.gnu-tools-for-stm32.7-2018-q2-update.win32_1.5.0.202011040924/tools/bin/../lib/gcc/arm-none-eabi/7.3.1/../../../../arm-none-eabi/lib/thumb/v7e-m/fpv4-sp/hard\libc_nano.a(lib_a-memset.o)
 .debug_frame   0x00000000000053bc       0x2c c:/st/stm32cubeide_1.4.0/stm32cubeide/plugins/com.st.stm32cube.ide.mcu.externaltools.gnu-tools-for-stm32.7-2018-q2-update.win32_1.5.0.202011040924/tools/bin/../lib/gcc/arm-none-eabi/7.3.1/thumb/v7e-m/fpv4-sp/hard\libgcc.a(_aeabi_uldivmod.o)
 .debug_frame   0x00000000000053e8       0x34 c:/st/stm32cubeide_1.4.0/stm32cubeide/plugins/com.st.stm32cube.ide.mcu.externaltools.gnu-tools-for-stm32.7-2018-q2-update.win32_1.5.0.202011040924/tools/bin/../lib/gcc/arm-none-eabi/7.3.1/thumb/v7e-m/fpv4-sp/hard\libgcc.a(_udivmoddi4.o)
